Component: ARM Compiler 5.06 update 7 (build 960) Tool: armlink [4d3601]

==============================================================================

Section Cross References

    main.o(i._Z10LED_Tooglev) refers to print.o(i._ZN5Print7printlnEPKc) for Print::println(const char*)
    main.o(i._Z10LED_Tooglev) refers to hardwareserial.o(.bss) for Serial
    main.o(i._Z10LED_Tooglev) refers to gpio.o(.constdata) for PIN_MAP
    main.o(i._Z4loopv) refers to delay.o(i.delay_ms) for delay_ms
    main.o(i._Z5setupv) refers to arduino.o(i.pinMode) for pinMode
    main.o(i._Z5setupv) refers to exti.o(i.attachInterrupt) for attachInterrupt
    main.o(i._Z5setupv) refers to i2c_slave.o(i.I2C1_Slave_init) for I2C1_Slave_init
    main.o(i._Z5setupv) refers to main.o(i._Z10LED_Tooglev) for LED_Toogle()
    main.o(i.main) refers to misc.o(i.NVIC_PriorityGroupConfig) for NVIC_PriorityGroupConfig
    main.o(i.main) refers to gpio.o(i.GPIO_JTAG_Disable) for GPIO_JTAG_Disable
    main.o(i.main) refers to delay.o(i.Delay_Init) for Delay_Init
    main.o(i.main) refers to adc.o(i.ADCx_Init) for ADCx_Init
    main.o(i.main) refers to main.o(i._Z5setupv) for setup()
    main.o(i.main) refers to delay.o(i.delay_ms) for delay_ms
    main.o(.ARM.exidx) refers to main.o(i._Z10LED_Tooglev) for i._Z10LED_Tooglev
    main.o(.ARM.exidx) refers to main.o(i._Z5setupv) for i._Z5setupv
    main.o(.ARM.exidx) refers to main.o(i._Z4loopv) for i._Z4loopv
    main.o(.ARM.exidx) refers to main.o(i.main) for i.main
    i2c_control.o(i.I2C_Config) refers to stm32f10x_rcc.o(i.RCC_APB1PeriphClockCmd) for RCC_APB1PeriphClockCmd
    i2c_control.o(i.I2C_Config) refers to stm32f10x_rcc.o(i.RCC_APB2PeriphClockCmd) for RCC_APB2PeriphClockCmd
    i2c_control.o(i.I2C_Config) refers to stm32f10x_gpio.o(i.GPIO_Init) for GPIO_Init
    i2c_control.o(i.I2C_Config) refers to stm32f10x_i2c.o(i.I2C_Init) for I2C_Init
    i2c_control.o(i.I2C_Config) refers to stm32f10x_i2c.o(i.I2C_Cmd) for I2C_Cmd
    i2c_control.o(i.I2C_ERROR) refers to stm32f10x_i2c.o(i.I2C_GenerateSTOP) for I2C_GenerateSTOP
    i2c_control.o(i.I2C_ERROR) refers to stm32f10x_i2c.o(i.I2C_DeInit) for I2C_DeInit
    i2c_control.o(i.I2C_ERROR) refers to i2c_control.o(i.I2C_Config) for I2C_Config
    i2c_control.o(i.I2C_ERROR) refers to i2c_control.o(.data) for .data
    i2c_control.o(i.I2C_Read_1Byte) refers to stm32f10x_i2c.o(i.I2C_GetFlagStatus) for I2C_GetFlagStatus
    i2c_control.o(i.I2C_Read_1Byte) refers to stm32f10x_i2c.o(i.I2C_GenerateSTART) for I2C_GenerateSTART
    i2c_control.o(i.I2C_Read_1Byte) refers to stm32f10x_i2c.o(i.I2C_CheckEvent) for I2C_CheckEvent
    i2c_control.o(i.I2C_Read_1Byte) refers to stm32f10x_i2c.o(i.I2C_Send7bitAddress) for I2C_Send7bitAddress
    i2c_control.o(i.I2C_Read_1Byte) refers to stm32f10x_i2c.o(i.I2C_Cmd) for I2C_Cmd
    i2c_control.o(i.I2C_Read_1Byte) refers to stm32f10x_i2c.o(i.I2C_SendData) for I2C_SendData
    i2c_control.o(i.I2C_Read_1Byte) refers to stm32f10x_i2c.o(i.I2C_AcknowledgeConfig) for I2C_AcknowledgeConfig
    i2c_control.o(i.I2C_Read_1Byte) refers to stm32f10x_i2c.o(i.I2C_GenerateSTOP) for I2C_GenerateSTOP
    i2c_control.o(i.I2C_Read_1Byte) refers to stm32f10x_i2c.o(i.I2C_ReceiveData) for I2C_ReceiveData
    i2c_control.o(i.I2C_Read_1Byte) refers to i2c_control.o(i.I2C_ERROR) for I2C_ERROR
    i2c_control.o(i.I2C_Read_1Byte) refers to i2c_control.o(.data) for .data
    i2c_control.o(i.I2C_Read_nByte) refers to stm32f10x_i2c.o(i.I2C_GetFlagStatus) for I2C_GetFlagStatus
    i2c_control.o(i.I2C_Read_nByte) refers to stm32f10x_i2c.o(i.I2C_GenerateSTART) for I2C_GenerateSTART
    i2c_control.o(i.I2C_Read_nByte) refers to stm32f10x_i2c.o(i.I2C_CheckEvent) for I2C_CheckEvent
    i2c_control.o(i.I2C_Read_nByte) refers to stm32f10x_i2c.o(i.I2C_Send7bitAddress) for I2C_Send7bitAddress
    i2c_control.o(i.I2C_Read_nByte) refers to stm32f10x_i2c.o(i.I2C_Cmd) for I2C_Cmd
    i2c_control.o(i.I2C_Read_nByte) refers to stm32f10x_i2c.o(i.I2C_SendData) for I2C_SendData
    i2c_control.o(i.I2C_Read_nByte) refers to stm32f10x_i2c.o(i.I2C_AcknowledgeConfig) for I2C_AcknowledgeConfig
    i2c_control.o(i.I2C_Read_nByte) refers to stm32f10x_i2c.o(i.I2C_GenerateSTOP) for I2C_GenerateSTOP
    i2c_control.o(i.I2C_Read_nByte) refers to stm32f10x_i2c.o(i.I2C_ReceiveData) for I2C_ReceiveData
    i2c_control.o(i.I2C_Read_nByte) refers to i2c_control.o(i.I2C_ERROR) for I2C_ERROR
    i2c_control.o(i.I2C_Read_nByte) refers to i2c_control.o(.data) for .data
    i2c_control.o(i.I2C_Write_1Byte) refers to stm32f10x_i2c.o(i.I2C_GenerateSTART) for I2C_GenerateSTART
    i2c_control.o(i.I2C_Write_1Byte) refers to stm32f10x_i2c.o(i.I2C_CheckEvent) for I2C_CheckEvent
    i2c_control.o(i.I2C_Write_1Byte) refers to stm32f10x_i2c.o(i.I2C_Send7bitAddress) for I2C_Send7bitAddress
    i2c_control.o(i.I2C_Write_1Byte) refers to stm32f10x_i2c.o(i.I2C_SendData) for I2C_SendData
    i2c_control.o(i.I2C_Write_1Byte) refers to stm32f10x_i2c.o(i.I2C_GenerateSTOP) for I2C_GenerateSTOP
[...]
    ../fplib/d2f.s                           0x00000000   Number         0  d2f.o ABSOLUTE
    ../fplib/daddsub.s                       0x00000000   Number         0  daddsub_clz.o ABSOLUTE
    ../fplib/dcheck1.s                       0x00000000   Number         0  dcheck1.o ABSOLUTE
    ../fplib/dcmpi.s                         0x00000000   Number         0  dcmpi.o ABSOLUTE
    ../fplib/ddiv.s                          0x00000000   Number         0  ddiv.o ABSOLUTE
    ../fplib/deqf.s                          0x00000000   Number         0  deqf.o ABSOLUTE
    ../fplib/dfix.s                          0x00000000   Number         0  dfix.o ABSOLUTE
    ../fplib/dfixll.s                        0x00000000   Number         0  dfixll.o ABSOLUTE
    ../fplib/dfixu.s                         0x00000000   Number         0  dfixu.o ABSOLUTE
    ../fplib/dflt.s                          0x00000000   Number         0  dflt_clz.o ABSOLUTE
    ../fplib/dfltll.s                        0x00000000   Number         0  dfltll_clz.o ABSOLUTE
    ../fplib/dleqf.s                         0x00000000   Number         0  dleqf.o ABSOLUTE
    ../fplib/dmul.s                          0x00000000   Number         0  dmul.o ABSOLUTE
    ../fplib/dnaninf.s                       0x00000000   Number         0  dnaninf.o ABSOLUTE
    ../fplib/dretinf.s                       0x00000000   Number         0  dretinf.o ABSOLUTE
    ../fplib/drleqf.s                        0x00000000   Number         0  drleqf.o ABSOLUTE
    ../fplib/f2d.s                           0x00000000   Number         0  f2d.o ABSOLUTE
    ../fplib/faddsub.s                       0x00000000   Number         0  faddsub_clz.o ABSOLUTE
    ../fplib/fcheck1.s                       0x00000000   Number         0  fcheck1.o ABSOLUTE
    ../fplib/fdiv.s                          0x00000000   Number         0  fdiv.o ABSOLUTE
    ../fplib/ffixu.s                         0x00000000   Number         0  ffixu.o ABSOLUTE
    ../fplib/fflt.s                          0x00000000   Number         0  fflt_clz.o ABSOLUTE
    ../fplib/fmul.s                          0x00000000   Number         0  fmul.o ABSOLUTE
    ../fplib/fnaninf.s                       0x00000000   Number         0  fnaninf.o ABSOLUTE
    ../fplib/fpconst.s                       0x00000000   Number         0  fpconst.o ABSOLUTE
    ../fplib/fpinit.s                        0x00000000   Number         0  fpinit.o ABSOLUTE
    ../fplib/fretinf.s                       0x00000000   Number         0  fretinf.o ABSOLUTE
    ../fplib/istatus.s                       0x00000000   Number         0  istatus.o ABSOLUTE
    ../fplib/printf1.s                       0x00000000   Number         0  printf1.o ABSOLUTE
    ../fplib/printf2.s                       0x00000000   Number         0  printf2.o ABSOLUTE
    ../fplib/printf2a.s                      0x00000000   Number         0  printf2a.o ABSOLUTE
    ../fplib/printf2b.s                      0x00000000   Number         0  printf2b.o ABSOLUTE
    ../fplib/retnan.s                        0x00000000   Number         0  retnan.o ABSOLUTE
    ../fplib/scalbn.s                        0x00000000   Number         0  scalbn.o ABSOLUTE
    ../fplib/scalbnf.s                       0x00000000   Number         0  scalbnf.o ABSOLUTE
    ../fplib/scanf1.s                        0x00000000   Number         0  scanf1.o ABSOLUTE
    ../fplib/scanf2.s                        0x00000000   Number         0  scanf2.o ABSOLUTE
    ../fplib/scanf2a.s                       0x00000000   Number         0  scanf2a.o ABSOLUTE
    ../fplib/scanf2b.s                       0x00000000   Number         0  scanf2b.o ABSOLUTE
    ../fplib/trapv.s                         0x00000000   Number         0  trapv.o ABSOLUTE
    ../fplib/usenofp.s                       0x00000000   Number         0  usenofp.o ABSOLUTE
    ../mathlib/atof.c                        0x00000000   Number         0  atof.o ABSOLUTE
    ../mathlib/dunder.c                      0x00000000   Number         0  dunder.o ABSOLUTE
    ../mathlib/fpclassify.c                  0x00000000   Number         0  fpclassify.o ABSOLUTE
    ../mathlib/frexp.c                       0x00000000   Number         0  frexp.o ABSOLUTE
    ../mathlib/ldexp.c                       0x00000000   Number         0  ldexp_x.o ABSOLUTE
    ../mathlib/ldexp.c                       0x00000000   Number         0  ldexp.o ABSOLUTE
    ../mathlib/narrow.c                      0x00000000   Number         0  narrow.o ABSOLUTE
    ../mathlib/qnan.c                        0x00000000   Number         0  qnan.o ABSOLUTE
    ..\ArduinoAPI\Arduino.c                  0x00000000   Number         0  arduino.o ABSOLUTE
    ..\ArduinoAPI\HardwareSerial.cpp         0x00000000   Number         0  hardwareserial.o ABSOLUTE
    ..\ArduinoAPI\Print.cpp                  0x00000000   Number         0  print.o ABSOLUTE
    ..\ArduinoAPI\SPI.cpp                    0x00000000   Number         0  spi.o ABSOLUTE
    ..\ArduinoAPI\Stream.cpp                 0x00000000   Number         0  stream.o ABSOLUTE
    ..\ArduinoAPI\Tone.cpp                   0x00000000   Number         0  tone.o ABSOLUTE
    ..\ArduinoAPI\WMath.cpp                  0x00000000   Number         0  wmath.o ABSOLUTE
    ..\ArduinoAPI\WString.cpp                0x00000000   Number         0  wstring.o ABSOLUTE
    ..\ArduinoAPI\Wire.cpp                   0x00000000   Number         0  wire.o ABSOLUTE
    ..\ArduinoAPI\WireBase.cpp               0x00000000   Number         0  wirebase.o ABSOLUTE
    ..\ArduinoAPI\dtostrf.c                  0x00000000   Number         0  dtostrf.o ABSOLUTE
    ..\ArduinoAPI\itoa.c                     0x00000000   Number         0  itoa.o ABSOLUTE
    ..\CORE\delay.c                          0x00000000   Number         0  delay.o ABSOLUTE
    ..\Core\adc.c                            0x00000000   Number         0  adc.o ABSOLUTE
    ..\Core\exti.c                           0x00000000   Number         0  exti.o ABSOLUTE
    ..\Core\gpio.c                           0x00000000   Number         0  gpio.o ABSOLUTE
    ..\Core\pwm.c                            0x00000000   Number         0  pwm.o ABSOLUTE
    ..\Core\timer.c                          0x00000000   Number         0  timer.o ABSOLUTE
    ..\Libraries\I2C_Control.c               0x00000000   Number         0  i2c_control.o ABSOLUTE
    ..\Libraries\i2c_slave.c                 0x00000000   Number         0  i2c_slave.o ABSOLUTE
    ..\USER\main.cpp                         0x00000000   Number         0  main.o ABSOLUTE
    ..\\ArduinoAPI\\Arduino.c                0x00000000   Number         0  arduino.o ABSOLUTE
    ..\\ArduinoAPI\\HardwareSerial.cpp       0x00000000   Number         0  hardwareserial.o ABSOLUTE
    ..\\ArduinoAPI\\SPI.cpp                  0x00000000   Number         0  spi.o ABSOLUTE
    ..\\ArduinoAPI\\Stream.cpp               0x00000000   Number         0  stream.o ABSOLUTE
    ..\\ArduinoAPI\\Tone.cpp                 0x00000000   Number         0  tone.o ABSOLUTE
    ..\\ArduinoAPI\\WMath.cpp                0x00000000   Number         0  wmath.o ABSOLUTE
    ..\\ArduinoAPI\\Wire.cpp                 0x00000000   Number         0  wire.o ABSOLUTE
    ..\\ArduinoAPI\\WireBase.cpp             0x00000000   Number         0  wirebase.o ABSOLUTE
    ..\\CORE\\delay.c                        0x00000000   Number         0  delay.o ABSOLUTE
    ..\\Core\\adc.c                          0x00000000   Number         0  adc.o ABSOLUTE
    ..\\Core\\exti.c                         0x00000000   Number         0  exti.o ABSOLUTE
    ..\\Core\\gpio.c                         0x00000000   Number         0  gpio.o ABSOLUTE
    ..\\Core\\pwm.c                          0x00000000   Number         0  pwm.o ABSOLUTE
    ..\\Core\\timer.c                        0x00000000   Number         0  timer.o ABSOLUTE
    ..\\Libraries\\I2C_Control.c             0x00000000   Number         0  i2c_control.o ABSOLUTE
    ..\\Libraries\\i2c_slave.c               0x00000000   Number         0  i2c_slave.o ABSOLUTE
    ..\\USER\\main.cpp                       0x00000000   Number         0  main.o ABSOLUTE
    C:\Users\nuc\AppData\Local\Arm\Packs\Keil\STM32F1xx_DFP\2.3.0\Device\StdPeriph_Driver\src\misc.c 0x00000000   Number         0  misc.o ABSOLUTE
    C:\Users\nuc\AppData\Local\Arm\Packs\Keil\STM32F1xx_DFP\2.3.0\Device\StdPeriph_Driver\src\stm32f10x_adc.c 0x00000000   Number         0  stm32f10x_adc.o ABSOLUTE
    C:\Users\nuc\AppData\Local\Arm\Packs\Keil\STM32F1xx_DFP\2.3.0\Device\StdPeriph_Driver\src\stm32f10x_dma.c 0x00000000   Number         0  stm32f10x_dma.o ABSOLUTE
    C:\Users\nuc\AppData\Local\Arm\Packs\Keil\STM32F1xx_DFP\2.3.0\Device\StdPeriph_Driver\src\stm32f10x_exti.c 0x00000000   Number         0  stm32f10x_exti.o ABSOLUTE
    C:\Users\nuc\AppData\Local\Arm\Packs\Keil\STM32F1xx_DFP\2.3.0\Device\StdPeriph_Driver\src\stm32f10x_flash.c 0x00000000   Number         0  stm32f10x_flash.o ABSOLUTE
    C:\Users\nuc\AppData\Local\Arm\Packs\Keil\STM32F1xx_DFP\2.3.0\Device\StdPeriph_Driver\src\stm32f10x_gpio.c 0x00000000   Number         0  stm32f10x_gpio.o ABSOLUTE
    C:\Users\nuc\AppData\Local\Arm\Packs\Keil\STM32F1xx_DFP\2.3.0\Device\StdPeriph_Driver\src\stm32f10x_i2c.c 0x00000000   Number         0  stm32f10x_i2c.o ABSOLUTE
    C:\Users\nuc\AppData\Local\Arm\Packs\Keil\STM32F1xx_DFP\2.3.0\Device\StdPeriph_Driver\src\stm32f10x_rcc.c 0x00000000   Number         0  stm32f10x_rcc.o ABSOLUTE
    C:\Users\nuc\AppData\Local\Arm\Packs\Keil\STM32F1xx_DFP\2.3.0\Device\StdPeriph_Driver\src\stm32f10x_spi.c 0x00000000   Number         0  stm32f10x_spi.o ABSOLUTE
    C:\Users\nuc\AppData\Local\Arm\Packs\Keil\STM32F1xx_DFP\2.3.0\Device\StdPeriph_Driver\src\stm32f10x_tim.c 0x00000000   Number         0  stm32f10x_tim.o ABSOLUTE
    C:\Users\nuc\AppData\Local\Arm\Packs\Keil\STM32F1xx_DFP\2.3.0\Device\StdPeriph_Driver\src\stm32f10x_usart.c 0x00000000   Number         0  stm32f10x_usart.o ABSOLUTE
    C:\\Users\\nuc\\AppData\\Local\\Arm\\Packs\\Keil\\STM32F1xx_DFP\\2.3.0\\Device\\StdPeriph_Driver\\src\\misc.c 0x00000000   Number         0  misc.o ABSOLUTE
    C:\\Users\\nuc\\AppData\\Local\\Arm\\Packs\\Keil\\STM32F1xx_DFP\\2.3.0\\Device\\StdPeriph_Driver\\src\\stm32f10x_adc.c 0x00000000   Number         0  stm32f10x_adc.o ABSOLUTE
    C:\\Users\\nuc\\AppData\\Local\\Arm\\Packs\\Keil\\STM32F1xx_DFP\\2.3.0\\Device\\StdPeriph_Driver\\src\\stm32f10x_dma.c 0x00000000   Number         0  stm32f10x_dma.o ABSOLUTE
    C:\\Users\\nuc\\AppData\\Local\\Arm\\Packs\\Keil\\STM32F1xx_DFP\\2.3.0\\Device\\StdPeriph_Driver\\src\\stm32f10x_exti.c 0x00000000   Number         0  stm32f10x_exti.o ABSOLUTE
    C:\\Users\\nuc\\AppData\\Local\\Arm\\Packs\\Keil\\STM32F1xx_DFP\\2.3.0\\Device\\StdPeriph_Driver\\src\\stm32f10x_flash.c 0x00000000   Number         0  stm32f10x_flash.o ABSOLUTE
    C:\\Users\\nuc\\AppData\\Local\\Arm\\Packs\\Keil\\STM32F1xx_DFP\\2.3.0\\Device\\StdPeriph_Driver\\src\\stm32f10x_gpio.c 0x00000000   Number         0  stm32f10x_gpio.o ABSOLUTE
    C:\\Users\\nuc\\AppData\\Local\\Arm\\Packs\\Keil\\STM32F1xx_DFP\\2.3.0\\Device\\StdPeriph_Driver\\src\\stm32f10x_i2c.c 0x00000000   Number         0  stm32f10x_i2c.o ABSOLUTE
    C:\\Users\\nuc\\AppData\\Local\\Arm\\Packs\\Keil\\STM32F1xx_DFP\\2.3.0\\Device\\StdPeriph_Driver\\src\\stm32f10x_rcc.c 0x00000000   Number         0  stm32f10x_rcc.o ABSOLUTE
    C:\\Users\\nuc\\AppData\\Local\\Arm\\Packs\\Keil\\STM32F1xx_DFP\\2.3.0\\Device\\StdPeriph_Driver\\src\\stm32f10x_spi.c 0x00000000   Number         0  stm32f10x_spi.o ABSOLUTE
    C:\\Users\\nuc\\AppData\\Local\\Arm\\Packs\\Keil\\STM32F1xx_DFP\\2.3.0\\Device\\StdPeriph_Driver\\src\\stm32f10x_tim.c 0x00000000   Number         0  stm32f10x_tim.o ABSOLUTE
    C:\\Users\\nuc\\AppData\\Local\\Arm\\Packs\\Keil\\STM32F1xx_DFP\\2.3.0\\Device\\StdPeriph_Driver\\src\\stm32f10x_usart.c 0x00000000   Number         0  stm32f10x_usart.o ABSOLUTE
    RTE\Device\STM32F103C8\startup_stm32f10x_md.s 0x00000000   Number         0  startup_stm32f10x_md.o ABSOLUTE
    RTE\Device\STM32F103C8\system_stm32f10x.c 0x00000000   Number         0  system_stm32f10x.o ABSOLUTE
    RTE\\Device\\STM32F103C8\\system_stm32f10x.c 0x00000000   Number         0  system_stm32f10x.o ABSOLUTE
    dc.s                                     0x00000000   Number         0  dc.o ABSOLUTE
    RESET                                    0x08000000   Section      236  startup_stm32f10x_md.o(RESET)
    !!!main                                  0x080000ec   Section        8  __main.o(!!!main)
    !!!scatter                               0x080000f4   Section       52  __scatter.o(!!!scatter)
    !!handler_copy                           0x08000128   Section       26  __scatter_copy.o(!!handler_copy)
    !!handler_zi                             0x08000144   Section       28  __scatter_zi.o(!!handler_zi)
    .ARM.Collect$$libinit$$00000000          0x08000160   Section        2  libinit.o(.ARM.Collect$$libinit$$00000000)
    .ARM.Collect$$libinit$$00000002          0x08000162   Section        0  libinit2.o(.ARM.Collect$$libinit$$00000002)
    .ARM.Collect$$libinit$$00000004          0x08000162   Section        0  libinit2.o(.ARM.Collect$$libinit$$00000004)
    .ARM.Collect$$libinit$$00000005          0x08000162   Section        8  libinit2.o(.ARM.Collect$$libinit$$00000005)
    .ARM.Collect$$libinit$$0000000A          0x0800016a   Section        0  libinit2.o(.ARM.Collect$$libinit$$0000000A)
    .ARM.Collect$$libinit$$0000000C          0x0800016a   Section        0  libinit2.o(.ARM.Collect$$libinit$$0000000C)
    .ARM.Collect$$libinit$$0000000E          0x0800016a   Section        0  libinit2.o(.ARM.Collect$$libinit$$0000000E)
    .ARM.Collect$$libinit$$00000011          0x0800016a   Section        0  libinit2.o(.ARM.Collect$$libinit$$00000011)
    .ARM.Collect$$libinit$$00000013          0x0800016a   Section        0  libinit2.o(.ARM.Collect$$libinit$$00000013)
    .ARM.Collect$$libinit$$00000015          0x0800016a   Section        0  libinit2.o(.ARM.Collect$$libinit$$00000015)
    .ARM.Collect$$libinit$$00000017          0x0800016a   Section        0  libinit2.o(.ARM.Collect$$libinit$$00000017)
    .ARM.Collect$$libinit$$00000019          0x0800016a   Section        0  libinit2.o(.ARM.Collect$$libinit$$00000019)
    .ARM.Collect$$libinit$$0000001B          0x0800016a   Section        0  libinit2.o(.ARM.Collect$$libinit$$0000001B)
    .ARM.Collect$$libinit$$0000001D          0x0800016a   Section        0  libinit2.o(.ARM.Collect$$libinit$$0000001D)
    .ARM.Collect$$libinit$$0000001F          0x0800016a   Section        0  libinit2.o(.ARM.Collect$$libinit$$0000001F)
    .ARM.Collect$$libinit$$00000021          0x0800016a   Section        0  libinit2.o(.ARM.Collect$$libinit$$00000021)
    .ARM.Collect$$libinit$$00000023          0x0800016a   Section        0  libinit2.o(.ARM.Collect$$libinit$$00000023)
    .ARM.Collect$$libinit$$00000025          0x0800016a   Section        0  libinit2.o(.ARM.Collect$$libinit$$00000025)
    .ARM.Collect$$libinit$$0000002C          0x0800016a   Section        0  libinit2.o(.ARM.Collect$$libinit$$0000002C)
    .ARM.Collect$$libinit$$0000002E          0x0800016a   Section        0  libinit2.o(.ARM.Collect$$libinit$$0000002E)
    .ARM.Collect$$libinit$$00000030          0x0800016a   Section        0  libinit2.o(.ARM.Collect$$libinit$$00000030)
    .ARM.Collect$$libinit$$00000031          0x0800016a   Section        4  libinit2.o(.ARM.Collect$$libinit$$00000031)
    .ARM.Collect$$libinit$$00000032          0x0800016e   Section        0  libinit2.o(.ARM.Collect$$libinit$$00000032)
    .ARM.Collect$$libinit$$00000033          0x0800016e   Section        2  libinit2.o(.ARM.Collect$$libinit$$00000033)
    .ARM.Collect$$libshutdown$$00000000      0x08000170   Section        2  libshutdown.o(.ARM.Collect$$libshutdown$$00000000)
    .ARM.Collect$$libshutdown$$00000002      0x08000172   Section        0  libshutdown2.o(.ARM.Collect$$libshutdown$$00000002)
    .ARM.Collect$$libshutdown$$00000003      0x08000172   Section        6  libshutdown2.o(.ARM.Collect$$libshutdown$$00000003)
    .ARM.Collect$$libshutdown$$00000004      0x08000178   Section        0  libshutdown2.o(.ARM.Collect$$libshutdown$$00000004)
    .ARM.Collect$$libshutdown$$00000006      0x08000178   Section        0  libshutdown2.o(.ARM.Collect$$libshutdown$$00000006)
    .ARM.Collect$$libshutdown$$00000009      0x08000178   Section        0  libshutdown2.o(.ARM.Collect$$libshutdown$$00000009)
    .ARM.Collect$$libshutdown$$0000000C      0x08000178   Section        0  libshutdown2.o(.ARM.Collect$$libshutdown$$0000000C)
    .ARM.Collect$$libshutdown$$0000000E      0x08000178   Section        0  libshutdown2.o(.ARM.Collect$$libshutdown$$0000000E)
    .ARM.Collect$$libshutdown$$00000011      0x08000178   Section        0  libshutdown2.o(.ARM.Collect$$libshutdown$$00000011)
    .ARM.Collect$$libshutdown$$00000012      0x08000178   Section        2  libshutdown2.o(.ARM.Collect$$libshutdown$$00000012)
    .ARM.Collect$$rtentry$$00000000          0x0800017a   Section        0  __rtentry.o(.ARM.Collect$$rtentry$$00000000)
    .ARM.Collect$$rtentry$$00000002          0x0800017a   Section        0  __rtentry2.o(.ARM.Collect$$rtentry$$00000002)
    .ARM.Collect$$rtentry$$00000004          0x0800017a   Section        6  __rtentry4.o(.ARM.Collect$$rtentry$$00000004)
    .ARM.Collect$$rtentry$$00000009          0x08000180   Section        0  __rtentry2.o(.ARM.Collect$$rtentry$$00000009)
    .ARM.Collect$$rtentry$$0000000A          0x08000180   Section        4  __rtentry2.o(.ARM.Collect$$rtentry$$0000000A)
    .ARM.Collect$$rtentry$$0000000C          0x08000184   Section        0  __rtentry2.o(.ARM.Collect$$rtentry$$0000000C)
    .ARM.Collect$$rtentry$$0000000D          0x08000184   Section        8  __rtentry2.o(.ARM.Collect$$rtentry$$0000000D)
    .ARM.Collect$$rtexit$$00000000           0x0800018c   Section        2  rtexit.o(.ARM.Collect$$rtexit$$00000000)
    .ARM.Collect$$rtexit$$00000002           0x0800018e   Section        0  rtexit2.o(.ARM.Collect$$rtexit$$00000002)
    .ARM.Collect$$rtexit$$00000003           0x0800018e   Section        4  rtexit2.o(.ARM.Collect$$rtexit$$00000003)
    .ARM.Collect$$rtexit$$00000004           0x08000192   Section        6  rtexit2.o(.ARM.Collect$$rtexit$$00000004)
    .emb_text                                0x08000198   Section        0  maybetermalloc1.o(.emb_text)
    .text                                    0x08000198   Section       64  startup_stm32f10x_md.o(.text)
    .text                                    0x080001d8   Section        0  h1_free.o(.text)
    .text                                    0x08000226   Section        0  aeabi_atexit.o(.text)
    .text                                    0x08000254   Section        0  heapauxi.o(.text)
    .text                                    0x0800025c   Section        0  init_aeabi.o(.text)
    .text                                    0x08000280   Section        8  rt_heap_descriptor_intlibspace.o(.text)
    .text                                    0x08000288   Section        8  rt_ddtor_pointer_addr_intlibspace.o(.text)
    .text                                    0x08000290   Section        0  hguard.o(.text)
    .text                                    0x08000294   Section        0  init_alloc.o(.text)
    .text                                    0x0800031e   Section        0  h1_alloc.o(.text)
    .text                                    0x0800037c   Section        0  cxa_finalize.o(.text)
    .text                                    0x080003c0   Section        8  libspace.o(.text)
    .text                                    0x080003c8   Section        0  h1_init.o(.text)
    .text                                    0x080003d6   Section        0  h1_extend.o(.text)
    .text                                    0x0800040a   Section        0  defsig_exit.o(.text)
    .text                                    0x08000414   Section        0  defsig_rtmem_outer.o(.text)
    .text                                    0x08000424   Section        0  sys_exit.o(.text)
    .text                                    0x08000430   Section       74  sys_stackheap_outer.o(.text)
    .text                                    0x0800047a   Section        0  exit.o(.text)
    .text                                    0x0800048c   Section        0  defsig_general.o(.text)
    .text                                    0x080004c0   Section        0  defsig_rtmem_inner.o(.text)
    .text                                    0x08000510   Section        0  sys_wrch.o(.text)
    .text                                    0x0800051e   Section        2  use_no_semi.o(.text)
    .text                                    0x08000520   Section        0  indicate_semi.o(.text)
    i.ADC_Cmd                                0x08000520   Section        0  stm32f10x_adc.o(i.ADC_Cmd)
    i.ADC_DMA_Register                       0x08000534   Section        0  adc.o(i.ADC_DMA_Register)
    i.ADC_DMA_SearchChannel                  0x080005d0   Section        0  adc.o(i.ADC_DMA_SearchChannel)
    ADC_DMA_SearchChannel                    0x080005d1   Thumb Code    34  adc.o(i.ADC_DMA_SearchChannel)
    i.ADC_DeInit                             0x080005fc   Section        0  stm32f10x_adc.o(i.ADC_DeInit)
    i.ADC_GetCalibrationStatus               0x08000640   Section        0  stm32f10x_adc.o(i.ADC_GetCalibrationStatus)
    i.ADC_GetResetCalibrationStatus          0x0800064e   Section        0  stm32f10x_adc.o(i.ADC_GetResetCalibrationStatus)
    i.ADC_Init                               0x0800065c   Section        0  stm32f10x_adc.o(i.ADC_Init)
    i.ADC_ResetCalibration                   0x080006a4   Section        0  stm32f10x_adc.o(i.ADC_ResetCalibration)
    i.ADC_StartCalibration                   0x080006ae   Section        0  stm32f10x_adc.o(i.ADC_StartCalibration)
    i.ADCx_Init                              0x080006b8   Section        0  adc.o(i.ADCx_Init)
    i.Delay_Init                             0x08000750   Section        0  delay.o(i.Delay_Init)
    i.EXTI0_IRQHandler                       0x08000794   Section        0  exti.o(i.EXTI0_IRQHandler)
    i.EXTI15_10_IRQHandler                   0x080007b8   Section        0  exti.o(i.EXTI15_10_IRQHandler)
    i.EXTI1_IRQHandler                       0x08000858   Section        0  exti.o(i.EXTI1_IRQHandler)
    i.EXTI2_IRQHandler                       0x0800087c   Section        0  exti.o(i.EXTI2_IRQHandler)
    i.EXTI3_IRQHandler                       0x080008a0   Section        0  exti.o(i.EXTI3_IRQHandler)
    i.EXTI4_IRQHandler                       0x080008c4   Section        0  exti.o(i.EXTI4_IRQHandler)
    i.EXTI9_5_IRQHandler                     0x080008e8   Section        0  exti.o(i.EXTI9_5_IRQHandler)
    i.EXTI_ClearITPendingBit                 0x08000964   Section        0  stm32f10x_exti.o(i.EXTI_ClearITPendingBit)
    i.EXTI_GetIRQn                           0x08000970   Section        0  exti.o(i.EXTI_GetIRQn)
    EXTI_GetIRQn                             0x08000971   Thumb Code    66  exti.o(i.EXTI_GetIRQn)
    i.EXTI_GetITStatus                       0x080009b4   Section        0  stm32f10x_exti.o(i.EXTI_GetITStatus)
    i.EXTI_Init                              0x080009d4   Section        0  stm32f10x_exti.o(i.EXTI_Init)
    i.EXTIx_Init                             0x08000a44   Section        0  exti.o(i.EXTIx_Init)
    i.GPIO_EXTILineConfig                    0x08000abc   Section        0  stm32f10x_gpio.o(i.GPIO_EXTILineConfig)
    i.GPIO_GetPinNum                         0x08000ae4   Section        0  gpio.o(i.GPIO_GetPinNum)
    i.GPIO_GetPinSource                      0x08000af4   Section        0  gpio.o(i.GPIO_GetPinSource)
    i.GPIO_GetPortNum                        0x08000b08   Section        0  gpio.o(i.GPIO_GetPortNum)
    i.GPIO_Init                              0x08000b7c   Section        0  stm32f10x_gpio.o(i.GPIO_Init)
    i.GPIO_JTAG_Disable                      0x08000c20   Section        0  gpio.o(i.GPIO_JTAG_Disable)
    i.GPIO_PinRemapConfig                    0x08000c3c   Section        0  stm32f10x_gpio.o(i.GPIO_PinRemapConfig)
    i.GPIOx_Init                             0x08000c94   Section        0  gpio.o(i.GPIOx_Init)
    i.I2C1_ER_IRQHandler                     0x08000d28   Section        0  i2c_slave.o(i.I2C1_ER_IRQHandler)
    i.I2C1_EV_IRQHandler                     0x08000db8   Section        0  i2c_slave.o(i.I2C1_EV_IRQHandler)
    i.I2C1_Slave_init                        0x08000ed0   Section        0  i2c_slave.o(i.I2C1_Slave_init)
    i.I2C_ClearITPendingBit                  0x08000f90   Section        0  stm32f10x_i2c.o(i.I2C_ClearITPendingBit)
    i.I2C_Cmd                                0x08000f96   Section        0  stm32f10x_i2c.o(i.I2C_Cmd)
    i.I2C_GetITStatus                        0x08000faa   Section        0  stm32f10x_i2c.o(i.I2C_GetITStatus)
    i.I2C_ITConfig                           0x08000fce   Section        0  stm32f10x_i2c.o(i.I2C_ITConfig)
    i.I2C_Init                               0x08000fe0   Section        0  stm32f10x_i2c.o(i.I2C_Init)
    i.NVIC_Init                              0x0800109c   Section        0  misc.o(i.NVIC_Init)
    i.NVIC_PriorityGroupConfig               0x08001100   Section        0  misc.o(i.NVIC_PriorityGroupConfig)
    i.PWM_Init                               0x08001114   Section        0  pwm.o(i.PWM_Init)
    i.RCC_ADCCLKConfig                       0x0800116c   Section        0  stm32f10x_rcc.o(i.RCC_ADCCLKConfig)
    i.RCC_APB1PeriphClockCmd                 0x08001180   Section        0  stm32f10x_rcc.o(i.RCC_APB1PeriphClockCmd)
    i.RCC_APB2PeriphClockCmd                 0x08001198   Section        0  stm32f10x_rcc.o(i.RCC_APB2PeriphClockCmd)
    i.RCC_APB2PeriphResetCmd                 0x080011b0   Section        0  stm32f10x_rcc.o(i.RCC_APB2PeriphResetCmd)
    i.RCC_GetClocksFreq                      0x080011c8   Section        0  stm32f10x_rcc.o(i.RCC_GetClocksFreq)
    i.SetSysClockTo72                        0x08001258   Section        0  system_stm32f10x.o(i.SetSysClockTo72)
    SetSysClockTo72                          0x08001259   Thumb Code   160  system_stm32f10x.o(i.SetSysClockTo72)
    i.SysTick_Handler                        0x08001300   Section        0  delay.o(i.SysTick_Handler)
    i.SystemCoreClockUpdate                  0x08001310   Section        0  system_stm32f10x.o(i.SystemCoreClockUpdate)
    i.SystemInit                             0x08001374   Section        0  system_stm32f10x.o(i.SystemInit)
    i.TIM1_UP_IRQHandler                     0x080013c4   Section        0  timer.o(i.TIM1_UP_IRQHandler)
    i.TIM2_IRQHandler                        0x080013f4   Section        0  timer.o(i.TIM2_IRQHandler)
    i.TIM3_IRQHandler                        0x08001420   Section        0  timer.o(i.TIM3_IRQHandler)
    i.TIM4_IRQHandler                        0x08001450   Section        0  timer.o(i.TIM4_IRQHandler)
    i.TIM_ClearITPendingBit                  0x08001480   Section        0  stm32f10x_tim.o(i.TIM_ClearITPendingBit)
    i.TIM_Cmd                                0x08001486   Section        0  stm32f10x_tim.o(i.TIM_Cmd)
    i.TIM_CtrlPWMOutputs                     0x0800149a   Section        0  stm32f10x_tim.o(i.TIM_CtrlPWMOutputs)
    i.TIM_GetITStatus                        0x080014b0   Section        0  stm32f10x_tim.o(i.TIM_GetITStatus)
    i.TIM_OC1Init                            0x080014c8   Section        0  stm32f10x_tim.o(i.TIM_OC1Init)
    i.TIM_OC1PreloadConfig                   0x08001548   Section        0  stm32f10x_tim.o(i.TIM_OC1PreloadConfig)
    i.TIM_OC2Init                            0x08001554   Section        0  stm32f10x_tim.o(i.TIM_OC2Init)
    i.TIM_OC2PreloadConfig                   0x080015d4   Section        0  stm32f10x_tim.o(i.TIM_OC2PreloadConfig)
    i.TIM_OC3Init                            0x080015e8   Section        0  stm32f10x_tim.o(i.TIM_OC3Init)
    i.TIM_OC3PreloadConfig                   0x08001664   Section        0  stm32f10x_tim.o(i.TIM_OC3PreloadConfig)
    i.TIM_OC4Init                            0x08001670   Section        0  stm32f10x_tim.o(i.TIM_OC4Init)
    i.TIM_OC4PreloadConfig                   0x080016d4   Section        0  stm32f10x_tim.o(i.TIM_OC4PreloadConfig)
    i.TIM_TimeBaseInit                       0x080016e8   Section        0  stm32f10x_tim.o(i.TIM_TimeBaseInit)
    i.TIMx_OCxInit                           0x08001784   Section        0  pwm.o(i.TIMx_OCxInit)
    i.Timer_ClockCmd                         0x080018fc   Section        0  timer.o(i.Timer_ClockCmd)
    i.USART1_IRQHandler                      0x080019f8   Section        0  hardwareserial.o(i.USART1_IRQHandler)
    i.USART2_IRQHandler                      0x08001a04   Section        0  hardwareserial.o(i.USART2_IRQHandler)
    i.USART3_IRQHandler                      0x08001a10   Section        0  hardwareserial.o(i.USART3_IRQHandler)
    i.USART_ClearITPendingBit                0x08001a1c   Section        0  stm32f10x_usart.o(i.USART_ClearITPendingBit)
    i.USART_GetFlagStatus                    0x08001a28   Section        0  stm32f10x_usart.o(i.USART_GetFlagStatus)
    i.USART_GetITStatus                      0x08001a36   Section        0  stm32f10x_usart.o(i.USART_GetITStatus)
    i.USART_ReceiveData                      0x08001a74   Section        0  stm32f10x_usart.o(i.USART_ReceiveData)
    i.USART_SendData                         0x08001a7c   Section        0  stm32f10x_usart.o(i.USART_SendData)
    i._Z10LED_Tooglev                        0x08001a84   Section        0  main.o(i._Z10LED_Tooglev)
    i._Z5setupv                              0x08001abc   Section        0  main.o(i._Z5setupv)
    i._ZN14HardwareSerial10IRQHandlerEv      0x08001ae4   Section        0  hardwareserial.o(i._ZN14HardwareSerial10IRQHandlerEv)
    i._ZN14HardwareSerial5writeEh            0x08001b2c   Section        0  hardwareserial.o(i._ZN14HardwareSerial5writeEh)
    i._ZN14HardwareSerialC1EP13USART_TypeDef 0x08001b4c   Section        0  hardwareserial.o(i._ZN14HardwareSerialC1EP13USART_TypeDef)
    i._ZN5Print5printEPKc                    0x08001b68   Section        0  print.o(i._ZN5Print5printEPKc)
    i._ZN5Print5printEc                      0x08001b6e   Section        0  print.o(i._ZN5Print5printEc)
    i._ZN5Print5writeEPKc                    0x08001b74   Section        0  print.o(i._ZN5Print5writeEPKc)
    i._ZN5Print7printlnEPKc                  0x08001b94   Section        0  print.o(i._ZN5Print7printlnEPKc)
    i._ZN5Print7printlnEv                    0x08001ba8   Section        0  print.o(i._ZN5Print7printlnEv)
    i._ZN7TwoWireC1Ehhh                      0x08001bc0   Section        0  wire.o(i._ZN7TwoWireC1Ehhh)
    i._ZN7TwoWireD1Ev                        0x08001bd8   Section        0  wire.o(i._ZN7TwoWireD1Ev)
    i.__NVIC_SetPriority                     0x08001bec   Section        0  delay.o(i.__NVIC_SetPriority)
    __NVIC_SetPriority                       0x08001bed   Thumb Code    32  delay.o(i.__NVIC_SetPriority)
    i.__sti___18_HardwareSerial_cpp_cfa1b6a6 0x08001c0c   Section        0  hardwareserial.o(i.__sti___18_HardwareSerial_cpp_cfa1b6a6)
    __sti___18_HardwareSerial_cpp_cfa1b6a6   0x08001c0d   Thumb Code    32  hardwareserial.o(i.__sti___18_HardwareSerial_cpp_cfa1b6a6)
    i.__sti___7_SPI_cpp_ce5662b4             0x08001c40   Section        0  spi.o(i.__sti___7_SPI_cpp_ce5662b4)
    __sti___7_SPI_cpp_ce5662b4               0x08001c41   Thumb Code    20  spi.o(i.__sti___7_SPI_cpp_ce5662b4)
    i.__sti___8_Wire_cpp_928ee5ff            0x08001c64   Section        0  wire.o(i.__sti___8_Wire_cpp_928ee5ff)
    __sti___8_Wire_cpp_928ee5ff              0x08001c65   Thumb Code    26  wire.o(i.__sti___8_Wire_cpp_928ee5ff)
    i.attachInterrupt                        0x08001c8c   Section        0  exti.o(i.attachInterrupt)
    i.delay_ms                               0x08001c9c   Section        0  delay.o(i.delay_ms)
    i.main                                   0x08001cb0   Section        0  main.o(i.main)
    i.pinMode                                0x08001cd8   Section        0  arduino.o(i.pinMode)
    .constdata                               0x08001d48   Section     1792  gpio.o(.constdata)
    .constdata__ZTV14HardwareSerial          0x08002448   Section       36  hardwareserial.o(.constdata__ZTV14HardwareSerial)
    .constdata__ZTV7TwoWire                  0x0800246c   Section       16  wire.o(.constdata__ZTV7TwoWire)
    .init_array                              0x0800249c   Section        4  hardwareserial.o(.init_array)
    .init_array                              0x080024a0   Section        4  wire.o(.init_array)
    .init_array                              0x080024a4   Section        4  spi.o(.init_array)
    .init_array                              0x080024a8   Section        0  init_aeabi.o(.init_array)
    .data                                    0x20000000   Section        3  i2c_slave.o(.data)
    .data                                    0x20000003   Section        2  adc.o(.data)
    ADC_DMA_RegCnt                           0x20000003   Data           1  adc.o(.data)
    IsInit                                   0x20000004   Data           1  adc.o(.data)
    .data                                    0x20000008   Section      124  delay.o(.data)
    System_ms                                0x20000008   Data           4  delay.o(.data)
    SysClock                                 0x2000000c   Data         120  delay.o(.data)
    .data                                    0x20000084   Section       20  stm32f10x_rcc.o(.data)
    ADCPrescTable                            0x20000084   Data           4  stm32f10x_rcc.o(.data)
    APBAHBPrescTable                         0x20000088   Data          16  stm32f10x_rcc.o(.data)
    .data                                    0x20000098   Section       20  system_stm32f10x.o(.data)
    .bss                                     0x200000ac   Section      336  i2c_slave.o(.bss)
    .bss                                     0x200001fc   Section      468  hardwareserial.o(.bss)
    .bss                                     0x200003d0   Section       88  wire.o(.bss)
    .bss                                     0x20000428   Section       84  spi.o(.bss)
    .bss                                     0x2000047c   Section       54  adc.o(.bss)
    ADC_DMA_RegChannelList                   0x2000047c   Data          18  adc.o(.bss)
    ADC_DMA_ConvertedValue                   0x2000048e   Data          36  adc.o(.bss)
    .bss                                     0x200004b4   Section       64  exti.o(.bss)
    EXTI_Function                            0x200004b4   Data          64  exti.o(.bss)
    .bss                                     0x200004f4   Section       32  timer.o(.bss)
    TIMx_Function                            0x200004f4   Data          32  timer.o(.bss)
    .bss                                     0x20000514   Section       96  libspace.o(.bss)
    HEAP                                     0x20000578   Section      512  startup_stm32f10x_md.o(HEAP)
    Heap_Mem                                 0x20000578   Data         512  startup_stm32f10x_md.o(HEAP)
    STACK                                    0x20000778   Section     1024  startup_stm32f10x_md.o(STACK)
    Stack_Mem                                0x20000778   Data        1024  startup_stm32f10x_md.o(STACK)
    __initial_sp                             0x20000b78   Data           0  startup_stm32f10x_md.o(STACK)

    Global Symbols

    Symbol Name                              Value     Ov Type        Size  Object(Section)

    BuildAttributes$$THM_ISAv4$P$D$K$B$S$PE$A:L22UL41UL21$X:L11$S22US41US21$IEEE1$IW$USESV6$~STKCKD$USESV7$~SHL$OTIME$ROPI$IEEEX$EBA8$UX$STANDARDLIB$REQ8$PRES8$EABIv2 0x00000000   Number         0  anon$$obj.o ABSOLUTE
    __ARM_use_no_argv                        0x00000000   Number         0  main.o ABSOLUTE
    _printf_flags                            0x00000000   Number         0  printf_stubs.o ABSOLUTE
    _printf_return_value                     0x00000000   Number         0  printf_stubs.o ABSOLUTE
    _printf_sizespec                         0x00000000   Number         0  printf_stubs.o ABSOLUTE
    _printf_widthprec                        0x00000000   Number         0  printf_stubs.o ABSOLUTE
    __ARM::default_unexpected_handler()       - Undefined Weak Reference
    typeinfo for Printable                    - Undefined Weak Reference
    __ARM_exceptions_buffer_required          - Undefined Weak Reference
    __ARM_exceptions_init                     - Undefined Weak Reference
    __alloca_initialize                       - Undefined Weak Reference
    __arm_fini_                               - Undefined Weak Reference
    __arm_preinit_                            - Undefined Weak Reference
    __sigvec_lookup                           - Undefined Weak Reference
    __user_heap_extent                        - Undefined Weak Reference
    _atexit_init                              - Undefined Weak Reference
    _call_atexit_fns                          - Undefined Weak Reference
    _clock_init                               - Undefined Weak Reference
    _fp_trap_init                             - Undefined Weak Reference
    _fp_trap_shutdown                         - Undefined Weak Reference
    _get_lc_collate                           - Undefined Weak Reference
    _get_lc_monetary                          - Undefined Weak Reference
    _get_lc_time                              - Undefined Weak Reference
    _getenv_init                              - Undefined Weak Reference
    _handle_redirection                       - Undefined Weak Reference
    _initio                                   - Undefined Weak Reference
    _mutex_acquire                            - Undefined Weak Reference
    _mutex_free                               - Undefined Weak Reference
    _mutex_release                            - Undefined Weak Reference
    _printf_mbtowc                            - Undefined Weak Reference
    _printf_wc                                - Undefined Weak Reference
    _signal_finish                            - Undefined Weak Reference
    _signal_init                              - Undefined Weak Reference
    _terminateio                              - Undefined Weak Reference
    __Vectors_Size                           0x000000ec   Number         0  startup_stm32f10x_md.o ABSOLUTE
    __Vectors                                0x08000000   Data           4  startup_stm32f10x_md.o(RESET)
    __dso_handle                             0x08000000   Number         0  startup_stm32f10x_md.o(RESET)
    __Vectors_End                            0x080000ec   Data           0  startup_stm32f10x_md.o(RESET)
    __main                                   0x080000ed   Thumb Code     8  __main.o(!!!main)
    __scatterload                            0x080000f5   Thumb Code     0  __scatter.o(!!!scatter)
    __scatterload_rt2                        0x080000f5   Thumb Code    44  __scatter.o(!!!scatter)
    __scatterload_rt2_thumb_only             0x080000f5   Thumb Code     0  __scatter.o(!!!scatter)
    __scatterload_null                       0x08000103   Thumb Code     0  __scatter.o(!!!scatter)
    __scatterload_copy                       0x08000129   Thumb Code    26  __scatter_copy.o(!!handler_copy)
    __scatterload_zeroinit                   0x08000145   Thumb Code    28  __scatter_zi.o(!!handler_zi)
    __rt_lib_init                            0x08000161   Thumb Code     0  libinit.o(.ARM.Collect$$libinit$$00000000)
    __rt_lib_init_fp_1                       0x08000163   Thumb Code     0  libinit2.o(.ARM.Collect$$libinit$$00000002)
    __rt_lib_init_heap_2                     0x08000163   Thumb Code     0  libinit2.o(.ARM.Collect$$libinit$$00000005)
    __rt_lib_init_preinit_1                  0x08000163   Thumb Code     0  libinit2.o(.ARM.Collect$$libinit$$00000004)
    __rt_lib_init_alloca_1                   0x0800016b   Thumb Code     0  libinit2.o(.ARM.Collect$$libinit$$0000002E)
    __rt_lib_init_argv_1                     0x0800016b   Thumb Code     0  libinit2.o(.ARM.Collect$$libinit$$0000002C)
    __rt_lib_init_atexit_1                   0x0800016b   Thumb Code     0  libinit2.o(.ARM.Collect$$libinit$$0000001B)
    __rt_lib_init_clock_1                    0x0800016b   Thumb Code     0  libinit2.o(.ARM.Collect$$libinit$$00000021)
    __rt_lib_init_cpp_2                      0x0800016b   Thumb Code     0  libinit2.o(.ARM.Collect$$libinit$$00000031)
    __rt_lib_init_exceptions_1               0x0800016b   Thumb Code     0  libinit2.o(.ARM.Collect$$libinit$$00000030)
    __rt_lib_init_fp_trap_1                  0x0800016b   Thumb Code     0  libinit2.o(.ARM.Collect$$libinit$$0000001F)
    __rt_lib_init_getenv_1                   0x0800016b   Thumb Code     0  libinit2.o(.ARM.Collect$$libinit$$00000023)
    __rt_lib_init_heap_1                     0x0800016b   Thumb Code     0  libinit2.o(.ARM.Collect$$libinit$$0000000A)
    __rt_lib_init_lc_collate_1               0x0800016b   Thumb Code     0  libinit2.o(.ARM.Collect$$libinit$$00000011)
    __rt_lib_init_lc_ctype_1                 0x0800016b   Thumb Code     0  libinit2.o(.ARM.Collect$$libinit$$00000013)
    __rt_lib_init_lc_monetary_1              0x0800016b   Thumb Code     0  libinit2.o(.ARM.Collect$$libinit$$00000015)
    __rt_lib_init_lc_numeric_1               0x0800016b   Thumb Code     0  libinit2.o(.ARM.Collect$$libinit$$00000017)
    __rt_lib_init_lc_time_1                  0x0800016b   Thumb Code     0  libinit2.o(.ARM.Collect$$libinit$$00000019)
    __rt_lib_init_rand_1                     0x0800016b   Thumb Code     0  libinit2.o(.ARM.Collect$$libinit$$0000000E)
    __rt_lib_init_signal_1                   0x0800016b   Thumb Code     0  libinit2.o(.ARM.Collect$$libinit$$0000001D)
    __rt_lib_init_stdio_1                    0x0800016b   Thumb Code     0  libinit2.o(.ARM.Collect$$libinit$$00000025)
    __rt_lib_init_user_alloc_1               0x0800016b   Thumb Code     0  libinit2.o(.ARM.Collect$$libinit$$0000000C)
    __rt_lib_init_cpp_1                      0x0800016f   Thumb Code     0  libinit2.o(.ARM.Collect$$libinit$$00000032)
    __rt_lib_init_return                     0x0800016f   Thumb Code     0  libinit2.o(.ARM.Collect$$libinit$$00000033)
    __rt_lib_shutdown                        0x08000171   Thumb Code     0  libshutdown.o(.ARM.Collect$$libshutdown$$00000000)
    __rt_lib_shutdown_cpp_2                  0x08000173   Thumb Code     0  libshutdown2.o(.ARM.Collect$$libshutdown$$00000003)
    __rt_lib_shutdown_fini_1                 0x08000173   Thumb Code     0  libshutdown2.o(.ARM.Collect$$libshutdown$$00000002)
    __rt_lib_shutdown_cpp_1                  0x08000179   Thumb Code     0  libshutdown2.o(.ARM.Collect$$libshutdown$$00000004)
    __rt_lib_shutdown_fp_trap_1              0x08000179   Thumb Code     0  libshutdown2.o(.ARM.Collect$$libshutdown$$00000009)
    __rt_lib_shutdown_heap_1                 0x08000179   Thumb Code     0  libshutdown2.o(.ARM.Collect$$libshutdown$$00000011)
    __rt_lib_shutdown_return                 0x08000179   Thumb Code     0  libshutdown2.o(.ARM.Collect$$libshutdown$$00000012)
    __rt_lib_shutdown_signal_1               0x08000179   Thumb Code     0  libshutdown2.o(.ARM.Collect$$libshutdown$$0000000C)
    __rt_lib_shutdown_stdio_1                0x08000179   Thumb Code     0  libshutdown2.o(.ARM.Collect$$libshutdown$$00000006)
    __rt_lib_shutdown_user_alloc_1           0x08000179   Thumb Code     0  libshutdown2.o(.ARM.Collect$$libshutdown$$0000000E)
    __rt_entry                               0x0800017b   Thumb Code     0  __rtentry.o(.ARM.Collect$$rtentry$$00000000)
    __rt_entry_presh_1                       0x0800017b   Thumb Code     0  __rtentry2.o(.ARM.Collect$$rtentry$$00000002)
    __rt_entry_sh                            0x0800017b   Thumb Code     0  __rtentry4.o(.ARM.Collect$$rtentry$$00000004)
    __rt_entry_li                            0x08000181   Thumb Code     0  __rtentry2.o(.ARM.Collect$$rtentry$$0000000A)
    __rt_entry_postsh_1                      0x08000181   Thumb Code     0  __rtentry2.o(.ARM.Collect$$rtentry$$00000009)
    __rt_entry_main                          0x08000185   Thumb Code     0  __rtentry2.o(.ARM.Collect$$rtentry$$0000000D)
    __rt_entry_postli_1                      0x08000185   Thumb Code     0  __rtentry2.o(.ARM.Collect$$rtentry$$0000000C)
    __rt_exit                                0x0800018d   Thumb Code     0  rtexit.o(.ARM.Collect$$rtexit$$00000000)
    __rt_exit_ls                             0x0800018f   Thumb Code     0  rtexit2.o(.ARM.Collect$$rtexit$$00000003)
    __rt_exit_prels_1                        0x0800018f   Thumb Code     0  rtexit2.o(.ARM.Collect$$rtexit$$00000002)
    __rt_exit_exit                           0x08000193   Thumb Code     0  rtexit2.o(.ARM.Collect$$rtexit$$00000004)
    Reset_Handler                            0x08000199   Thumb Code     8  startup_stm32f10x_md.o(.text)
    _maybe_terminate_alloc                   0x08000199   Thumb Code     0  maybetermalloc1.o(.emb_text)
    NMI_Handler                              0x080001a1   Thumb Code     2  startup_stm32f10x_md.o(.text)
    HardFault_Handler                        0x080001a3   Thumb Code     2  startup_stm32f10x_md.o(.text)
    MemManage_Handler                        0x080001a5   Thumb Code     2  startup_stm32f10x_md.o(.text)
    BusFault_Handler                         0x080001a7   Thumb Code     2  startup_stm32f10x_md.o(.text)
    UsageFault_Handler                       0x080001a9   Thumb Code     2  startup_stm32f10x_md.o(.text)
    SVC_Handler                              0x080001ab   Thumb Code     2  startup_stm32f10x_md.o(.text)
    DebugMon_Handler                         0x080001ad   Thumb Code     2  startup_stm32f10x_md.o(.text)
    PendSV_Handler                           0x080001af   Thumb Code     2  startup_stm32f10x_md.o(.text)
    ADC1_2_IRQHandler                        0x080001b3   Thumb Code     0  startup_stm32f10x_md.o(.text)
    CAN1_RX1_IRQHandler                      0x080001b3   Thumb Code     0  startup_stm32f10x_md.o(.text)
    CAN1_SCE_IRQHandler                      0x080001b3   Thumb Code     0  startup_stm32f10x_md.o(.text)
    DMA1_Channel1_IRQHandler                 0x080001b3   Thumb Code     0  startup_stm32f10x_md.o(.text)
    DMA1_Channel2_IRQHandler                 0x080001b3   Thumb Code     0  startup_stm32f10x_md.o(.text)
    DMA1_Channel3_IRQHandler                 0x080001b3   Thumb Code     0  startup_stm32f10x_md.o(.text)
    DMA1_Channel4_IRQHandler                 0x080001b3   Thumb Code     0  startup_stm32f10x_md.o(.text)
    DMA1_Channel5_IRQHandler                 0x080001b3   Thumb Code     0  startup_stm32f10x_md.o(.text)
    DMA1_Channel6_IRQHandler                 0x080001b3   Thumb Code     0  startup_stm32f10x_md.o(.text)
    DMA1_Channel7_IRQHandler                 0x080001b3   Thumb Code     0  startup_stm32f10x_md.o(.text)
    FLASH_IRQHandler                         0x080001b3   Thumb Code     0  startup_stm32f10x_md.o(.text)
    I2C2_ER_IRQHandler                       0x080001b3   Thumb Code     0  startup_stm32f10x_md.o(.text)
    I2C2_EV_IRQHandler                       0x080001b3   Thumb Code     0  startup_stm32f10x_md.o(.text)
    PVD_IRQHandler                           0x080001b3   Thumb Code     0  startup_stm32f10x_md.o(.text)
    RCC_IRQHandler                           0x080001b3   Thumb Code     0  startup_stm32f10x_md.o(.text)
    RTCAlarm_IRQHandler                      0x080001b3   Thumb Code     0  startup_stm32f10x_md.o(.text)
    RTC_IRQHandler                           0x080001b3   Thumb Code     0  startup_stm32f10x_md.o(.text)
    SPI1_IRQHandler                          0x080001b3   Thumb Code     0  startup_stm32f10x_md.o(.text)
    SPI2_IRQHandler                          0x080001b3   Thumb Code     0  startup_stm32f10x_md.o(.text)
    TAMPER_IRQHandler                        0x080001b3   Thumb Code     0  startup_stm32f10x_md.o(.text)
    TIM1_BRK_IRQHandler                      0x080001b3   Thumb Code     0  startup_stm32f10x_md.o(.text)
    TIM1_CC_IRQHandler                       0x080001b3   Thumb Code     0  startup_stm32f10x_md.o(.text)
    TIM1_TRG_COM_IRQHandler                  0x080001b3   Thumb Code     0  startup_stm32f10x_md.o(.text)
    USBWakeUp_IRQHandler                     0x080001b3   Thumb Code     0  startup_stm32f10x_md.o(.text)
    USB_HP_CAN1_TX_IRQHandler                0x080001b3   Thumb Code     0  startup_stm32f10x_md.o(.text)
    USB_LP_CAN1_RX0_IRQHandler               0x080001b3   Thumb Code     0  startup_stm32f10x_md.o(.text)
    WWDG_IRQHandler                          0x080001b3   Thumb Code     0  startup_stm32f10x_md.o(.text)
    __user_initial_stackheap                 0x080001b5   Thumb Code     0  startup_stm32f10x_md.o(.text)
    free                                     0x080001d9   Thumb Code    78  h1_free.o(.text)
    __aeabi_atexit                           0x08000227   Thumb Code    46  aeabi_atexit.o(.text)
    __use_two_region_memory                  0x08000255   Thumb Code     2  heapauxi.o(.text)
    __rt_heap_escrow                         0x08000257   Thumb Code     2  heapauxi.o(.text)
    __rt_heap_expand                         0x08000259   Thumb Code     2  heapauxi.o(.text)
    __cpp_initialize__aeabi_                 0x0800025d   Thumb Code    26  init_aeabi.o(.text)
    __rt_heap_descriptor                     0x08000281   Thumb Code     8  rt_heap_descriptor_intlibspace.o(.text)
    __rt_ddtor_pointer_addr                  0x08000289   Thumb Code     8  rt_ddtor_pointer_addr_intlibspace.o(.text)
    __use_no_heap                            0x08000291   Thumb Code     2  hguard.o(.text)
    __heap$guard                             0x08000293   Thumb Code     2  hguard.o(.text)
    _terminate_user_alloc                    0x08000295   Thumb Code     2  init_alloc.o(.text)
    _init_user_alloc                         0x08000297   Thumb Code     2  init_alloc.o(.text)
    __Heap_Full                              0x08000299   Thumb Code    34  init_alloc.o(.text)
    __Heap_Broken                            0x080002bb   Thumb Code     6  init_alloc.o(.text)
    _init_alloc                              0x080002c1   Thumb Code    94  init_alloc.o(.text)
    malloc                                   0x0800031f   Thumb Code    94  h1_alloc.o(.text)
    __cxa_finalize                           0x0800037d   Thumb Code    66  cxa_finalize.o(.text)
    __user_libspace                          0x080003c1   Thumb Code     8  libspace.o(.text)
    __user_perproc_libspace                  0x080003c1   Thumb Code     0  libspace.o(.text)
    __user_perthread_libspace                0x080003c1   Thumb Code     0  libspace.o(.text)
    __Heap_Initialize                        0x080003c9   Thumb Code    10  h1_init.o(.text)
    __Heap_DescSize                          0x080003d3   Thumb Code     4  h1_init.o(.text)
    __Heap_ProvideMemory                     0x080003d7   Thumb Code    52  h1_extend.o(.text)
    __sig_exit                               0x0800040b   Thumb Code    10  defsig_exit.o(.text)
    __rt_SIGRTMEM                            0x08000415   Thumb Code    14  defsig_rtmem_outer.o(.text)
    _sys_exit                                0x08000425   Thumb Code     8  sys_exit.o(.text)
    __user_setup_stackheap                   0x08000431   Thumb Code    74  sys_stackheap_outer.o(.text)
    exit                                     0x0800047b   Thumb Code    18  exit.o(.text)
    __default_signal_display                 0x0800048d   Thumb Code    50  defsig_general.o(.text)
    __rt_SIGRTMEM_inner                      0x080004c1   Thumb Code    22  defsig_rtmem_inner.o(.text)
    _ttywrch                                 0x08000511   Thumb Code    14  sys_wrch.o(.text)
    __I$use$semihosting                      0x0800051f   Thumb Code     0  use_no_semi.o(.text)
    __use_no_semihosting_swi                 0x0800051f   Thumb Code     2  use_no_semi.o(.text)
    ADC_Cmd                                  0x08000521   Thumb Code    20  stm32f10x_adc.o(i.ADC_Cmd)
    __semihosting_library_function           0x08000521   Thumb Code     0  indicate_semi.o(.text)
    ADC_DMA_Register                         0x08000535   Thumb Code   146  adc.o(i.ADC_DMA_Register)
    ADC_DeInit                               0x080005fd   Thumb Code    56  stm32f10x_adc.o(i.ADC_DeInit)
    ADC_GetCalibrationStatus                 0x08000641   Thumb Code    14  stm32f10x_adc.o(i.ADC_GetCalibrationStatus)
    ADC_GetResetCalibrationStatus            0x0800064f   Thumb Code    14  stm32f10x_adc.o(i.ADC_GetResetCalibrationStatus)
    ADC_Init                                 0x0800065d   Thumb Code    62  stm32f10x_adc.o(i.ADC_Init)
    ADC_ResetCalibration                     0x080006a5   Thumb Code    10  stm32f10x_adc.o(i.ADC_ResetCalibration)
    ADC_StartCalibration                     0x080006af   Thumb Code    10  stm32f10x_adc.o(i.ADC_StartCalibration)
    ADCx_Init                                0x080006b9   Thumb Code   138  adc.o(i.ADCx_Init)
    Delay_Init                               0x08000751   Thumb Code    64  delay.o(i.Delay_Init)
    EXTI0_IRQHandler                         0x08000795   Thumb Code    32  exti.o(i.EXTI0_IRQHandler)
    EXTI15_10_IRQHandler                     0x080007b9   Thumb Code   156  exti.o(i.EXTI15_10_IRQHandler)
    EXTI1_IRQHandler                         0x08000859   Thumb Code    32  exti.o(i.EXTI1_IRQHandler)
    EXTI2_IRQHandler                         0x0800087d   Thumb Code    32  exti.o(i.EXTI2_IRQHandler)
    EXTI3_IRQHandler                         0x080008a1   Thumb Code    32  exti.o(i.EXTI3_IRQHandler)
    EXTI4_IRQHandler                         0x080008c5   Thumb Code    32  exti.o(i.EXTI4_IRQHandler)
    EXTI9_5_IRQHandler                       0x080008e9   Thumb Code   120  exti.o(i.EXTI9_5_IRQHandler)
    EXTI_ClearITPendingBit                   0x08000965   Thumb Code     6  stm32f10x_exti.o(i.EXTI_ClearITPendingBit)
    EXTI_GetITStatus                         0x080009b5   Thumb Code    28  stm32f10x_exti.o(i.EXTI_GetITStatus)
    EXTI_Init                                0x080009d5   Thumb Code   108  stm32f10x_exti.o(i.EXTI_Init)
    EXTIx_Init                               0x08000a45   Thumb Code   116  exti.o(i.EXTIx_Init)
    GPIO_EXTILineConfig                      0x08000abd   Thumb Code    34  stm32f10x_gpio.o(i.GPIO_EXTILineConfig)
    GPIO_GetPinNum                           0x08000ae5   Thumb Code    12  gpio.o(i.GPIO_GetPinNum)
    GPIO_GetPinSource                        0x08000af5   Thumb Code    18  gpio.o(i.GPIO_GetPinSource)
    GPIO_GetPortNum                          0x08000b09   Thumb Code    82  gpio.o(i.GPIO_GetPortNum)
    GPIO_Init                                0x08000b7d   Thumb Code   162  stm32f10x_gpio.o(i.GPIO_Init)
    GPIO_JTAG_Disable                        0x08000c21   Thumb Code    22  gpio.o(i.GPIO_JTAG_Disable)
    GPIO_PinRemapConfig                      0x08000c3d   Thumb Code    82  stm32f10x_gpio.o(i.GPIO_PinRemapConfig)
    GPIOx_Init                               0x08000c95   Thumb Code   118  gpio.o(i.GPIOx_Init)
    I2C1_ER_IRQHandler                       0x08000d29   Thumb Code   116  i2c_slave.o(i.I2C1_ER_IRQHandler)
    I2C1_EV_IRQHandler                       0x08000db9   Thumb Code   264  i2c_slave.o(i.I2C1_EV_IRQHandler)
    I2C1_Slave_init                          0x08000ed1   Thumb Code   180  i2c_slave.o(i.I2C1_Slave_init)
    I2C_ClearITPendingBit                    0x08000f91   Thumb Code     6  stm32f10x_i2c.o(i.I2C_ClearITPendingBit)
    I2C_Cmd                                  0x08000f97   Thumb Code    20  stm32f10x_i2c.o(i.I2C_Cmd)
    I2C_GetITStatus                          0x08000fab   Thumb Code    36  stm32f10x_i2c.o(i.I2C_GetITStatus)
    I2C_ITConfig                             0x08000fcf   Thumb Code    16  stm32f10x_i2c.o(i.I2C_ITConfig)
    I2C_Init                                 0x08000fe1   Thumb Code   178  stm32f10x_i2c.o(i.I2C_Init)
    NVIC_Init                                0x0800109d   Thumb Code    94  misc.o(i.NVIC_Init)
    NVIC_PriorityGroupConfig                 0x08001101   Thumb Code    10  misc.o(i.NVIC_PriorityGroupConfig)
    PWM_Init                                 0x08001115   Thumb Code    80  pwm.o(i.PWM_Init)
    RCC_ADCCLKConfig                         0x0800116d   Thumb Code    14  stm32f10x_rcc.o(i.RCC_ADCCLKConfig)
    RCC_APB1PeriphClockCmd                   0x08001181   Thumb Code    18  stm32f10x_rcc.o(i.RCC_APB1PeriphClockCmd)
    RCC_APB2PeriphClockCmd                   0x08001199   Thumb Code    18  stm32f10x_rcc.o(i.RCC_APB2PeriphClockCmd)
    RCC_APB2PeriphResetCmd                   0x080011b1   Thumb Code    18  stm32f10x_rcc.o(i.RCC_APB2PeriphResetCmd)
    RCC_GetClocksFreq                        0x080011c9   Thumb Code   128  stm32f10x_rcc.o(i.RCC_GetClocksFreq)
    SysTick_Handler                          0x08001301   Thumb Code    10  delay.o(i.SysTick_Handler)
    SystemCoreClockUpdate                    0x08001311   Thumb Code    84  system_stm32f10x.o(i.SystemCoreClockUpdate)
    SystemInit                               0x08001375   Thumb Code    64  system_stm32f10x.o(i.SystemInit)
    TIM1_UP_IRQHandler                       0x080013c5   Thumb Code    38  timer.o(i.TIM1_UP_IRQHandler)
    TIM2_IRQHandler                          0x080013f5   Thumb Code    38  timer.o(i.TIM2_IRQHandler)
    TIM3_IRQHandler                          0x08001421   Thumb Code    38  timer.o(i.TIM3_IRQHandler)
    TIM4_IRQHandler                          0x08001451   Thumb Code    38  timer.o(i.TIM4_IRQHandler)
    TIM_ClearITPendingBit                    0x08001481   Thumb Code     6  stm32f10x_tim.o(i.TIM_ClearITPendingBit)
    TIM_Cmd                                  0x08001487   Thumb Code    20  stm32f10x_tim.o(i.TIM_Cmd)
    TIM_CtrlPWMOutputs                       0x0800149b   Thumb Code    22  stm32f10x_tim.o(i.TIM_CtrlPWMOutputs)
    TIM_GetITStatus                          0x080014b1   Thumb Code    24  stm32f10x_tim.o(i.TIM_GetITStatus)
    TIM_OC1Init                              0x080014c9   Thumb Code   106  stm32f10x_tim.o(i.TIM_OC1Init)
    TIM_OC1PreloadConfig                     0x08001549   Thumb Code    12  stm32f10x_tim.o(i.TIM_OC1PreloadConfig)
    TIM_OC2Init                              0x08001555   Thumb Code   120  stm32f10x_tim.o(i.TIM_OC2Init)
    TIM_OC2PreloadConfig                     0x080015d5   Thumb Code    20  stm32f10x_tim.o(i.TIM_OC2PreloadConfig)
    TIM_OC3Init                              0x080015e9   Thumb Code   116  stm32f10x_tim.o(i.TIM_OC3Init)
    TIM_OC3PreloadConfig                     0x08001665   Thumb Code    12  stm32f10x_tim.o(i.TIM_OC3PreloadConfig)
    TIM_OC4Init                              0x08001671   Thumb Code    90  stm32f10x_tim.o(i.TIM_OC4Init)
    TIM_OC4PreloadConfig                     0x080016d5   Thumb Code    20  stm32f10x_tim.o(i.TIM_OC4PreloadConfig)
    TIM_TimeBaseInit                         0x080016e9   Thumb Code   114  stm32f10x_tim.o(i.TIM_TimeBaseInit)
    TIMx_OCxInit                             0x08001785   Thumb Code   312  pwm.o(i.TIMx_OCxInit)
    Timer_ClockCmd                           0x080018fd   Thumb Code   188  timer.o(i.Timer_ClockCmd)
    USART1_IRQHandler                        0x080019f9   Thumb Code     6  hardwareserial.o(i.USART1_IRQHandler)
    USART2_IRQHandler                        0x08001a05   Thumb Code     6  hardwareserial.o(i.USART2_IRQHandler)
    USART3_IRQHandler                        0x08001a11   Thumb Code     6  hardwareserial.o(i.USART3_IRQHandler)
    USART_ClearITPendingBit                  0x08001a1d   Thumb Code    12  stm32f10x_usart.o(i.USART_ClearITPendingBit)
    USART_GetFlagStatus                      0x08001a29   Thumb Code    14  stm32f10x_usart.o(i.USART_GetFlagStatus)
    USART_GetITStatus                        0x08001a37   Thumb Code    62  stm32f10x_usart.o(i.USART_GetITStatus)
    USART_ReceiveData                        0x08001a75   Thumb Code     8  stm32f10x_usart.o(i.USART_ReceiveData)
    USART_SendData                           0x08001a7d   Thumb Code     8  stm32f10x_usart.o(i.USART_SendData)
    LED_Toogle()                             0x08001a85   Thumb Code    32  main.o(i._Z10LED_Tooglev)
    setup()                                  0x08001abd   Thumb Code    36  main.o(i._Z5setupv)
    HardwareSerial::IRQHandler()             0x08001ae5   Thumb Code    72  hardwareserial.o(i._ZN14HardwareSerial10IRQHandlerEv)
    HardwareSerial::write(unsigned char)     0x08001b2d   Thumb Code    30  hardwareserial.o(i._ZN14HardwareSerial5writeEh)
    HardwareSerial::HardwareSerial(USART_TypeDef*) 0x08001b4d   Thumb Code    24  hardwareserial.o(i._ZN14HardwareSerialC1EP13USART_TypeDef)
    HardwareSerial::HardwareSerial__sub_object(USART_TypeDef*) 0x08001b4d   Thumb Code     0  hardwareserial.o(i._ZN14HardwareSerialC1EP13USART_TypeDef)
    Print::print(const char*)                0x08001b69   Thumb Code     6  print.o(i._ZN5Print5printEPKc)
    Print::print(char)                       0x08001b6f   Thumb Code     6  print.o(i._ZN5Print5printEc)
    Print::write(const char*)                0x08001b75   Thumb Code    32  print.o(i._ZN5Print5writeEPKc)
    Print::println(const char*)              0x08001b95   Thumb Code    20  print.o(i._ZN5Print7printlnEPKc)
    Print::println()                         0x08001ba9   Thumb Code    24  print.o(i._ZN5Print7printlnEv)
    TwoWire::TwoWire(unsigned char, unsigned char, unsigned char) 0x08001bc1   Thumb Code    20  wire.o(i._ZN7TwoWireC1Ehhh)
    TwoWire::TwoWire__sub_object(unsigned char, unsigned char, unsigned char) 0x08001bc1   Thumb Code     0  wire.o(i._ZN7TwoWireC1Ehhh)
    TwoWire::~TwoWire()                      0x08001bd9   Thumb Code    16  wire.o(i._ZN7TwoWireD1Ev)
    TwoWire::~TwoWire__sub_object()          0x08001bd9   Thumb Code     0  wire.o(i._ZN7TwoWireD1Ev)
    attachInterrupt                          0x08001c8d   Thumb Code    14  exti.o(i.attachInterrupt)
    delay_ms                                 0x08001c9d   Thumb Code    14  delay.o(i.delay_ms)
    main                                     0x08001cb1   Thumb Code    34  main.o(i.main)
    pinMode                                  0x08001cd9   Thumb Code   108  arduino.o(i.pinMode)
    PIN_MAP                                  0x08001d48   Data        1792  gpio.o(.constdata)
    vtable for HardwareSerial                0x08002448   Data          36  hardwareserial.o(.constdata__ZTV14HardwareSerial)
    vtable for TwoWire                       0x0800246c   Data          16  wire.o(.constdata__ZTV7TwoWire)
    Region$$Table$$Base                      0x0800247c   Number         0  anon$$obj.o(Region$$Table)
    Region$$Table$$Limit                     0x0800249c   Number         0  anon$$obj.o(Region$$Table)
    SHT$$INIT_ARRAY$$Base                    0x0800249c   Number         0  hardwareserial.o(.init_array)
    SHT$$INIT_ARRAY$$Limit                   0x080024a8   Number         0  init_aeabi.o(.init_array)
    Rx_Idx_IIC1                              0x20000000   Data           1  i2c_slave.o(.data)
    Flag_RcvOK_IIC1                          0x20000001   Data           1  i2c_slave.o(.data)
    Tx_Idx_IIC1                              0x20000002   Data           1  i2c_slave.o(.data)
    SystemCoreClock                          0x20000098   Data           4  system_stm32f10x.o(.data)
    AHBPrescTable                            0x2000009c   Data          16  system_stm32f10x.o(.data)
    Buffer_Rx_IIC1                           0x200000ac   Data          40  i2c_slave.o(.bss)
    Response_Message                         0x200000d4   Data          40  i2c_slave.o(.bss)
    i2c1_ram                                 0x200000fc   Data         256  i2c_slave.o(.bss)
    Serial                                   0x200001fc   Data         156  hardwareserial.o(.bss)
    Serial2                                  0x20000298   Data         156  hardwareserial.o(.bss)
    Serial3                                  0x20000334   Data         156  hardwareserial.o(.bss)
    Wire                                     0x200003d0   Data          88  wire.o(.bss)
    SPI                                      0x20000428   Data          28  spi.o(.bss)
    SPI_2                                    0x20000444   Data          28  spi.o(.bss)
    SPI_3                                    0x20000460   Data          28  spi.o(.bss)
    __libspace_start                         0x20000514   Data          96  libspace.o(.bss)
    __temporary_stack_top$libspace           0x20000574   Data           0  libspace.o(.bss)



==============================================================================

Memory Map of the image

  Image Entry point : 0x080000ed

  Load Region LR_IROM1 (Base: 0x08000000, Size: 0x00002554, Max: 0x00010000, ABSOLUTE)

    Execution Region ER_IROM1 (Exec base: 0x08000000, Load base: 0x08000000, Size: 0x000024a8, Max: 0x00010000, ABSOLUTE)

    Exec Addr    Load Addr    Size         Type   Attr      Idx    E Section Name        Object

    0x08000000   0x08000000   0x000000ec   Data   RO         4784    RESET               startup_stm32f10x_md.o
    0x080000ec   0x080000ec   0x00000008   Code   RO         4975  * !!!main             c_w.l(__main.o)
    0x080000f4   0x080000f4   0x00000034   Code   RO         5667    !!!scatter          c_w.l(__scatter.o)
    0x08000128   0x08000128   0x0000001a   Code   RO         5669    !!handler_copy      c_w.l(__scatter_copy.o)
    0x08000142   0x08000142   0x00000002   PAD
    0x08000144   0x08000144   0x0000001c   Code   RO         5671    !!handler_zi        c_w.l(__scatter_zi.o)
    0x08000160   0x08000160   0x00000002   Code   RO         5559    .ARM.Collect$$libinit$$00000000  c_w.l(libinit.o)
    0x08000162   0x08000162   0x00000000   Code   RO         5311    .ARM.Collect$$libinit$$00000002  c_w.l(libinit2.o)
    0x08000162   0x08000162   0x00000000   Code   RO         5313    .ARM.Collect$$libinit$$00000004  c_w.l(libinit2.o)
    0x08000162   0x08000162   0x00000008   Code   RO         5314    .ARM.Collect$$libinit$$00000005  c_w.l(libinit2.o)
    0x0800016a   0x0800016a   0x00000000   Code   RO         5316    .ARM.Collect$$libinit$$0000000A  c_w.l(libinit2.o)
    0x0800016a   0x0800016a   0x00000000   Code   RO         5318    .ARM.Collect$$libinit$$0000000C  c_w.l(libinit2.o)
    0x0800016a   0x0800016a   0x00000000   Code   RO         5320    .ARM.Collect$$libinit$$0000000E  c_w.l(libinit2.o)
    0x0800016a   0x0800016a   0x00000000   Code   RO         5323    .ARM.Collect$$libinit$$00000011  c_w.l(libinit2.o)
    0x0800016a   0x0800016a   0x00000000   Code   RO         5325    .ARM.Collect$$libinit$$00000013  c_w.l(libinit2.o)
    0x0800016a   0x0800016a   0x00000000   Code   RO         5327    .ARM.Collect$$libinit$$00000015  c_w.l(libinit2.o)
    0x0800016a   0x0800016a   0x00000000   Code   RO         5329    .ARM.Collect$$libinit$$00000017  c_w.l(libinit2.o)
    0x0800016a   0x0800016a   0x00000000   Code   RO         5331    .ARM.Collect$$libinit$$00000019  c_w.l(libinit2.o)
    0x0800016a   0x0800016a   0x00000000   Code   RO         5333    .ARM.Collect$$libinit$$0000001B  c_w.l(libinit2.o)
    0x0800016a   0x0800016a   0x00000000   Code   RO         5335    .ARM.Collect$$libinit$$0000001D  c_w.l(libinit2.o)
    0x0800016a   0x0800016a   0x00000000   Code   RO         5337    .ARM.Collect$$libinit$$0000001F  c_w.l(libinit2.o)
    0x0800016a   0x0800016a   0x00000000   Code   RO         5339    .ARM.Collect$$libinit$$00000021  c_w.l(libinit2.o)
    0x0800016a   0x0800016a   0x00000000   Code   RO         5341    .ARM.Collect$$libinit$$00000023  c_w.l(libinit2.o)
    0x0800016a   0x0800016a   0x00000000   Code   RO         5343    .ARM.Collect$$libinit$$00000025  c_w.l(libinit2.o)
    0x0800016a   0x0800016a   0x00000000   Code   RO         5347    .ARM.Collect$$libinit$$0000002C  c_w.l(libinit2.o)
    0x0800016a   0x0800016a   0x00000000   Code   RO         5349    .ARM.Collect$$libinit$$0000002E  c_w.l(libinit2.o)
    0x0800016a   0x0800016a   0x00000000   Code   RO         5351    .ARM.Collect$$libinit$$00000030  c_w.l(libinit2.o)
    0x0800016a   0x0800016a   0x00000004   Code   RO         5352    .ARM.Collect$$libinit$$00000031  c_w.l(libinit2.o)
    0x0800016e   0x0800016e   0x00000000   Code   RO         5353    .ARM.Collect$$libinit$$00000032  c_w.l(libinit2.o)
    0x0800016e   0x0800016e   0x00000002   Code   RO         5354    .ARM.Collect$$libinit$$00000033  c_w.l(libinit2.o)
    0x08000170   0x08000170   0x00000002   Code   RO         5633    .ARM.Collect$$libshutdown$$00000000  c_w.l(libshutdown.o)
    0x08000172   0x08000172   0x00000000   Code   RO         5477    .ARM.Collect$$libshutdown$$00000002  c_w.l(libshutdown2.o)
    0x08000172   0x08000172   0x00000006   Code   RO         5478    .ARM.Collect$$libshutdown$$00000003  c_w.l(libshutdown2.o)
    0x08000178   0x08000178   0x00000000   Code   RO         5479    .ARM.Collect$$libshutdown$$00000004  c_w.l(libshutdown2.o)
    0x08000178   0x08000178   0x00000000   Code   RO         5481    .ARM.Collect$$libshutdown$$00000006  c_w.l(libshutdown2.o)
    0x08000178   0x08000178   0x00000000   Code   RO         5484    .ARM.Collect$$libshutdown$$00000009  c_w.l(libshutdown2.o)
    0x08000178   0x08000178   0x00000000   Code   RO         5487    .ARM.Collect$$libshutdown$$0000000C  c_w.l(libshutdown2.o)
    0x08000178   0x08000178   0x00000000   Code   RO         5489    .ARM.Collect$$libshutdown$$0000000E  c_w.l(libshutdown2.o)
    0x08000178   0x08000178   0x00000000   Code   RO         5492    .ARM.Collect$$libshutdown$$00000011  c_w.l(libshutdown2.o)
    0x08000178   0x08000178   0x00000002   Code   RO         5493    .ARM.Collect$$libshutdown$$00000012  c_w.l(libshutdown2.o)
    0x0800017a   0x0800017a   0x00000000   Code   RO         5172    .ARM.Collect$$rtentry$$00000000  c_w.l(__rtentry.o)
    0x0800017a   0x0800017a   0x00000000   Code   RO         5385    .ARM.Collect$$rtentry$$00000002  c_w.l(__rtentry2.o)
    0x0800017a   0x0800017a   0x00000006   Code   RO         5397    .ARM.Collect$$rtentry$$00000004  c_w.l(__rtentry4.o)
    0x08000180   0x08000180   0x00000000   Code   RO         5387    .ARM.Collect$$rtentry$$00000009  c_w.l(__rtentry2.o)
    0x08000180   0x08000180   0x00000004   Code   RO         5388    .ARM.Collect$$rtentry$$0000000A  c_w.l(__rtentry2.o)
    0x08000184   0x08000184   0x00000000   Code   RO         5390    .ARM.Collect$$rtentry$$0000000C  c_w.l(__rtentry2.o)
    0x08000184   0x08000184   0x00000008   Code   RO         5391    .ARM.Collect$$rtentry$$0000000D  c_w.l(__rtentry2.o)
    0x0800018c   0x0800018c   0x00000002   Code   RO         5570    .ARM.Collect$$rtexit$$00000000  c_w.l(rtexit.o)
    0x0800018e   0x0800018e   0x00000000   Code   RO         5601    .ARM.Collect$$rtexit$$00000002  c_w.l(rtexit2.o)
    0x0800018e   0x0800018e   0x00000004   Code   RO         5602    .ARM.Collect$$rtexit$$00000003  c_w.l(rtexit2.o)
    0x08000192   0x08000192   0x00000006   Code   RO         5603    .ARM.Collect$$rtexit$$00000004  c_w.l(rtexit2.o)
    0x08000198   0x08000198   0x00000000   Code   RO         5403    .emb_text           c_w.l(maybetermalloc1.o)
    0x08000198   0x08000198   0x00000040   Code   RO         4785    .text               startup_stm32f10x_md.o
    0x080001d8   0x080001d8   0x0000004e   Code   RO         4838    .text               c_w.l(h1_free.o)
    0x08000226   0x08000226   0x0000002e   Code   RO         4950    .text               c_w.l(aeabi_atexit.o)
    0x08000254   0x08000254   0x00000006   Code   RO         4973    .text               c_w.l(heapauxi.o)
    0x0800025a   0x0800025a   0x00000002   PAD
    0x0800025c   0x0800025c   0x00000024   Code   RO         4980    .text               c_w.l(init_aeabi.o)
    0x08000280   0x08000280   0x00000008   Code   RO         5180    .text               c_w.l(rt_heap_descriptor_intlibspace.o)
    0x08000288   0x08000288   0x00000008   Code   RO         5190    .text               c_w.l(rt_ddtor_pointer_addr_intlibspace.o)
    0x08000290   0x08000290   0x00000004   Code   RO         5197    .text               c_w.l(hguard.o)
    0x08000294   0x08000294   0x0000008a   Code   RO         5199    .text               c_w.l(init_alloc.o)
    0x0800031e   0x0800031e   0x0000005e   Code   RO         5205    .text               c_w.l(h1_alloc.o)
    0x0800037c   0x0800037c   0x00000042   Code   RO         5297    .text               c_w.l(cxa_finalize.o)
    0x080003be   0x080003be   0x00000002   PAD
    0x080003c0   0x080003c0   0x00000008   Code   RO         5381    .text               c_w.l(libspace.o)
    0x080003c8   0x080003c8   0x0000000e   Code   RO         5405    .text               c_w.l(h1_init.o)
    0x080003d6   0x080003d6   0x00000034   Code   RO         5407    .text               c_w.l(h1_extend.o)
    0x0800040a   0x0800040a   0x0000000a   Code   RO         5459    .text               c_w.l(defsig_exit.o)
    0x08000414   0x08000414   0x0000000e   Code   RO         5461    .text               c_w.l(defsig_rtmem_outer.o)
    0x08000422   0x08000422   0x00000002   PAD
    0x08000424   0x08000424   0x0000000c   Code   RO         5519    .text               c_w.l(sys_exit.o)
    0x08000430   0x08000430   0x0000004a   Code   RO         5521    .text               c_w.l(sys_stackheap_outer.o)
    0x0800047a   0x0800047a   0x00000012   Code   RO         5536    .text               c_w.l(exit.o)
    0x0800048c   0x0800048c   0x00000032   Code   RO         5542    .text               c_w.l(defsig_general.o)
    0x080004be   0x080004be   0x00000002   PAD
    0x080004c0   0x080004c0   0x00000050   Code   RO         5548    .text               c_w.l(defsig_rtmem_inner.o)
    0x08000510   0x08000510   0x0000000e   Code   RO         5565    .text               c_w.l(sys_wrch.o)
    0x0800051e   0x0800051e   0x00000002   Code   RO         5567    .text               c_w.l(use_no_semi.o)
    0x08000520   0x08000520   0x00000000   Code   RO         5569    .text               c_w.l(indicate_semi.o)
    0x08000520   0x08000520   0x00000014   Code   RO         2776    i.ADC_Cmd           stm32f10x_adc.o
    0x08000534   0x08000534   0x0000009c   Code   RO         2259    i.ADC_DMA_Register  adc.o
    0x080005d0   0x080005d0   0x0000002c   Code   RO         2260    i.ADC_DMA_SearchChannel  adc.o
    0x080005fc   0x080005fc   0x00000044   Code   RO         2778    i.ADC_DeInit        stm32f10x_adc.o
    0x08000640   0x08000640   0x0000000e   Code   RO         2784    i.ADC_GetCalibrationStatus  stm32f10x_adc.o
    0x0800064e   0x0800064e   0x0000000e   Code   RO         2790    i.ADC_GetResetCalibrationStatus  stm32f10x_adc.o
    0x0800065c   0x0800065c   0x00000048   Code   RO         2794    i.ADC_Init          stm32f10x_adc.o
    0x080006a4   0x080006a4   0x0000000a   Code   RO         2799    i.ADC_ResetCalibration  stm32f10x_adc.o
    0x080006ae   0x080006ae   0x0000000a   Code   RO         2803    i.ADC_StartCalibration  stm32f10x_adc.o
    0x080006b8   0x080006b8   0x00000098   Code   RO         2262    i.ADCx_Init         adc.o
    0x08000750   0x08000750   0x00000044   Code   RO         2313    i.Delay_Init        delay.o
    0x08000794   0x08000794   0x00000024   Code   RO         2390    i.EXTI0_IRQHandler  exti.o
    0x080007b8   0x080007b8   0x000000a0   Code   RO         2391    i.EXTI15_10_IRQHandler  exti.o
    0x08000858   0x08000858   0x00000024   Code   RO         2392    i.EXTI1_IRQHandler  exti.o
    0x0800087c   0x0800087c   0x00000024   Code   RO         2393    i.EXTI2_IRQHandler  exti.o
    0x080008a0   0x080008a0   0x00000024   Code   RO         2394    i.EXTI3_IRQHandler  exti.o
    0x080008c4   0x080008c4   0x00000024   Code   RO         2395    i.EXTI4_IRQHandler  exti.o
    0x080008e8   0x080008e8   0x0000007c   Code   RO         2396    i.EXTI9_5_IRQHandler  exti.o
    0x08000964   0x08000964   0x0000000c   Code   RO         3089    i.EXTI_ClearITPendingBit  stm32f10x_exti.o
    0x08000970   0x08000970   0x00000042   Code   RO         2397    i.EXTI_GetIRQn      exti.o
    0x080009b2   0x080009b2   0x00000002   PAD
    0x080009b4   0x080009b4   0x00000020   Code   RO         3093    i.EXTI_GetITStatus  stm32f10x_exti.o
    0x080009d4   0x080009d4   0x00000070   Code   RO         3094    i.EXTI_Init         stm32f10x_exti.o
    0x08000a44   0x08000a44   0x00000078   Code   RO         2398    i.EXTIx_Init        exti.o
    0x08000abc   0x08000abc   0x00000028   Code   RO         3341    i.GPIO_EXTILineConfig  stm32f10x_gpio.o
    0x08000ae4   0x08000ae4   0x00000010   Code   RO         2483    i.GPIO_GetPinNum    gpio.o
    0x08000af4   0x08000af4   0x00000012   Code   RO         2484    i.GPIO_GetPinSource  gpio.o
    0x08000b06   0x08000b06   0x00000002   PAD
    0x08000b08   0x08000b08   0x00000074   Code   RO         2485    i.GPIO_GetPortNum   gpio.o
    0x08000b7c   0x08000b7c   0x000000a2   Code   RO         3344    i.GPIO_Init         stm32f10x_gpio.o
    0x08000c1e   0x08000c1e   0x00000002   PAD
    0x08000c20   0x08000c20   0x0000001c   Code   RO         2486    i.GPIO_JTAG_Disable  gpio.o
    0x08000c3c   0x08000c3c   0x00000058   Code   RO         3346    i.GPIO_PinRemapConfig  stm32f10x_gpio.o
    0x08000c94   0x08000c94   0x00000094   Code   RO         2487    i.GPIOx_Init        gpio.o
    0x08000d28   0x08000d28   0x00000090   Code   RO          337    i.I2C1_ER_IRQHandler  i2c_slave.o
    0x08000db8   0x08000db8   0x00000118   Code   RO          338    i.I2C1_EV_IRQHandler  i2c_slave.o
    0x08000ed0   0x08000ed0   0x000000c0   Code   RO          339    i.I2C1_Slave_init   i2c_slave.o
    0x08000f90   0x08000f90   0x00000006   Code   RO         3469    i.I2C_ClearITPendingBit  stm32f10x_i2c.o
    0x08000f96   0x08000f96   0x00000014   Code   RO         3470    i.I2C_Cmd           stm32f10x_i2c.o
    0x08000faa   0x08000faa   0x00000024   Code   RO         3480    i.I2C_GetITStatus   stm32f10x_i2c.o
    0x08000fce   0x08000fce   0x00000010   Code   RO         3483    i.I2C_ITConfig      stm32f10x_i2c.o
    0x08000fde   0x08000fde   0x00000002   PAD
    0x08000fe0   0x08000fe0   0x000000bc   Code   RO         3484    i.I2C_Init          stm32f10x_i2c.o
    0x0800109c   0x0800109c   0x00000064   Code   RO         2722    i.NVIC_Init         misc.o
    0x08001100   0x08001100   0x00000014   Code   RO         2723    i.NVIC_PriorityGroupConfig  misc.o
    0x08001114   0x08001114   0x00000058   Code   RO         2537    i.PWM_Init          pwm.o
    0x0800116c   0x0800116c   0x00000014   Code   RO         3680    i.RCC_ADCCLKConfig  stm32f10x_rcc.o
    0x08001180   0x08001180   0x00000018   Code   RO         3682    i.RCC_APB1PeriphClockCmd  stm32f10x_rcc.o
    0x08001198   0x08001198   0x00000018   Code   RO         3684    i.RCC_APB2PeriphClockCmd  stm32f10x_rcc.o
    0x080011b0   0x080011b0   0x00000018   Code   RO         3685    i.RCC_APB2PeriphResetCmd  stm32f10x_rcc.o
    0x080011c8   0x080011c8   0x00000090   Code   RO         3692    i.RCC_GetClocksFreq  stm32f10x_rcc.o
    0x08001258   0x08001258   0x000000a8   Code   RO         4792    i.SetSysClockTo72   system_stm32f10x.o
    0x08001300   0x08001300   0x00000010   Code   RO         2315    i.SysTick_Handler   delay.o
    0x08001310   0x08001310   0x00000064   Code   RO         4793    i.SystemCoreClockUpdate  system_stm32f10x.o
    0x08001374   0x08001374   0x00000050   Code   RO         4794    i.SystemInit        system_stm32f10x.o
    0x080013c4   0x080013c4   0x00000030   Code   RO         2604    i.TIM1_UP_IRQHandler  timer.o
    0x080013f4   0x080013f4   0x0000002c   Code   RO         2605    i.TIM2_IRQHandler   timer.o
    0x08001420   0x08001420   0x00000030   Code   RO         2606    i.TIM3_IRQHandler   timer.o
    0x08001450   0x08001450   0x00000030   Code   RO         2607    i.TIM4_IRQHandler   timer.o
    0x08001480   0x08001480   0x00000006   Code   RO         4057    i.TIM_ClearITPendingBit  stm32f10x_tim.o
    0x08001486   0x08001486   0x00000014   Code   RO         4062    i.TIM_Cmd           stm32f10x_tim.o
    0x0800149a   0x0800149a   0x00000016   Code   RO         4064    i.TIM_CtrlPWMOutputs  stm32f10x_tim.o
    0x080014b0   0x080014b0   0x00000018   Code   RO         4083    i.TIM_GetITStatus   stm32f10x_tim.o
    0x080014c8   0x080014c8   0x00000080   Code   RO         4091    i.TIM_OC1Init       stm32f10x_tim.o
    0x08001548   0x08001548   0x0000000c   Code   RO         4094    i.TIM_OC1PreloadConfig  stm32f10x_tim.o
    0x08001554   0x08001554   0x00000080   Code   RO         4096    i.TIM_OC2Init       stm32f10x_tim.o
    0x080015d4   0x080015d4   0x00000014   Code   RO         4099    i.TIM_OC2PreloadConfig  stm32f10x_tim.o
    0x080015e8   0x080015e8   0x0000007c   Code   RO         4101    i.TIM_OC3Init       stm32f10x_tim.o
    0x08001664   0x08001664   0x0000000c   Code   RO         4104    i.TIM_OC3PreloadConfig  stm32f10x_tim.o
    0x08001670   0x08001670   0x00000064   Code   RO         4106    i.TIM_OC4Init       stm32f10x_tim.o
    0x080016d4   0x080016d4   0x00000014   Code   RO         4108    i.TIM_OC4PreloadConfig  stm32f10x_tim.o
    0x080016e8   0x080016e8   0x0000009c   Code   RO         4133    i.TIM_TimeBaseInit  stm32f10x_tim.o
    0x08001784   0x08001784   0x00000178   Code   RO         2539    i.TIMx_OCxInit      pwm.o
    0x080018fc   0x080018fc   0x000000fc   Code   RO         2612    i.Timer_ClockCmd    timer.o
    0x080019f8   0x080019f8   0x0000000c   Code   RO          550    i.USART1_IRQHandler  hardwareserial.o
    0x08001a04   0x08001a04   0x0000000c   Code   RO          551    i.USART2_IRQHandler  hardwareserial.o
    0x08001a10   0x08001a10   0x0000000c   Code   RO          552    i.USART3_IRQHandler  hardwareserial.o
    0x08001a1c   0x08001a1c   0x0000000c   Code   RO         4594    i.USART_ClearITPendingBit  stm32f10x_usart.o
    0x08001a28   0x08001a28   0x0000000e   Code   RO         4600    i.USART_GetFlagStatus  stm32f10x_usart.o
    0x08001a36   0x08001a36   0x0000003e   Code   RO         4601    i.USART_GetITStatus  stm32f10x_usart.o
    0x08001a74   0x08001a74   0x00000008   Code   RO         4611    i.USART_ReceiveData  stm32f10x_usart.o
    0x08001a7c   0x08001a7c   0x00000008   Code   RO         4614    i.USART_SendData    stm32f10x_usart.o
    0x08001a84   0x08001a84   0x00000038   Code   RO            4    i._Z10LED_Tooglev   main.o
    0x08001abc   0x08001abc   0x00000028   Code   RO            6    i._Z5setupv         main.o
    0x08001ae4   0x08001ae4   0x00000048   Code   RO          553    i._ZN14HardwareSerial10IRQHandlerEv  hardwareserial.o
    0x08001b2c   0x08001b2c   0x0000001e   Code   RO          562    i._ZN14HardwareSerial5writeEh  hardwareserial.o
    0x08001b4a   0x08001b4a   0x00000002   PAD
    0x08001b4c   0x08001b4c   0x0000001c   Code   RO          564    i._ZN14HardwareSerialC1EP13USART_TypeDef  hardwareserial.o
    0x08001b68   0x08001b68   0x00000006   Code   RO          732    i._ZN5Print5printEPKc  print.o
    0x08001b6e   0x08001b6e   0x00000006   Code   RO          735    i._ZN5Print5printEc  print.o
    0x08001b74   0x08001b74   0x00000020   Code   RO          744    i._ZN5Print5writeEPKc  print.o
    0x08001b94   0x08001b94   0x00000014   Code   RO          748    i._ZN5Print7printlnEPKc  print.o
    0x08001ba8   0x08001ba8   0x00000018   Code   RO          758    i._ZN5Print7printlnEv  print.o
    0x08001bc0   0x08001bc0   0x00000018   Code   RO         1504    i._ZN7TwoWireC1Ehhh  wire.o
    0x08001bd8   0x08001bd8   0x00000014   Code   RO         1505    i._ZN7TwoWireD1Ev   wire.o
    0x08001bec   0x08001bec   0x00000020   Code   RO         2316    i.__NVIC_SetPriority  delay.o
    0x08001c0c   0x08001c0c   0x00000034   Code   RO          565    i.__sti___18_HardwareSerial_cpp_cfa1b6a6  hardwareserial.o
    0x08001c40   0x08001c40   0x00000024   Code   RO         1803    i.__sti___7_SPI_cpp_ce5662b4  spi.o
    0x08001c64   0x08001c64   0x00000028   Code   RO         1506    i.__sti___8_Wire_cpp_928ee5ff  wire.o
    0x08001c8c   0x08001c8c   0x0000000e   Code   RO         2399    i.attachInterrupt   exti.o
    0x08001c9a   0x08001c9a   0x00000002   PAD
    0x08001c9c   0x08001c9c   0x00000014   Code   RO         2317    i.delay_ms          delay.o
    0x08001cb0   0x08001cb0   0x00000028   Code   RO            7    i.main              main.o
    0x08001cd8   0x08001cd8   0x00000070   Code   RO          408    i.pinMode           arduino.o
    0x08001d48   0x08001d48   0x00000700   Data   RO         2488    .constdata          gpio.o
    0x08002448   0x08002448   0x00000024   Data   RO          663    .constdata__ZTV14HardwareSerial  hardwareserial.o
    0x0800246c   0x0800246c   0x00000010   Data   RO         1591    .constdata__ZTV7TwoWire  wire.o
    0x0800247c   0x0800247c   0x00000020   Data   RO         5665    Region$$Table       anon$$obj.o
    0x0800249c   0x0800249c   0x00000004   Data   RO          583    .init_array         hardwareserial.o
    0x080024a0   0x0800249c   0x00000004   Data   RO         1522    .init_array         wire.o
    0x080024a4   0x0800249c   0x00000004   Data   RO         1832    .init_array         spi.o
    0x080024a8   0x0800249c   0x00000000   Data   RO         4978    .init_array         c_w.l(init_aeabi.o)


    Execution Region RW_IRAM1 (Exec base: 0x20000000, Load base: 0x080024a8, Size: 0x00000b78, Max: 0x00005000, ABSOLUTE)

    Exec Addr    Load Addr    Size         Type   Attr      Idx    E Section Name        Object

    0x20000000   0x080024a8   0x00000003   Data   RW          344    .data               i2c_slave.o
    0x20000003   0x080024ab   0x00000002   Data   RW         2264    .data               adc.o
    0x20000005   0x080024ad   0x00000003   PAD
    0x20000008   0x080024b0   0x0000007c   Data   RW         2321    .data               delay.o
    0x20000084   0x0800252c   0x00000014   Data   RW         3712    .data               stm32f10x_rcc.o
    0x20000098   0x08002540   0x00000014   Data   RW         4795    .data               system_stm32f10x.o
    0x200000ac        -       0x00000150   Zero   RW          342    .bss                i2c_slave.o
    0x200001fc        -       0x000001d4   Zero   RW          582    .bss                hardwareserial.o
    0x200003d0        -       0x00000058   Zero   RW         1521    .bss                wire.o
    0x20000428        -       0x00000054   Zero   RW         1831    .bss                spi.o
    0x2000047c        -       0x00000036   Zero   RW         2263    .bss                adc.o
    0x200004b2   0x08002554   0x00000002   PAD
    0x200004b4        -       0x00000040   Zero   RW         2401    .bss                exti.o
    0x200004f4        -       0x00000020   Zero   RW         2620    .bss                timer.o
    0x20000514        -       0x00000060   Zero   RW         5382    .bss                c_w.l(libspace.o)
    0x20000574   0x08002554   0x00000004   PAD
    0x20000578        -       0x00000200   Zero   RW         4783    HEAP                startup_stm32f10x_md.o
    0x20000778        -       0x00000400   Zero   RW         4782    STACK               startup_stm32f10x_md.o


==============================================================================

Image component sizes


      Code (inc. data)   RO Data    RW Data    ZI Data      Debug   Object Name

       352         34          0          2         54       2671   adc.o
       112          4          0          0          0       1974   arduino.o
       136         16          0        124          0      28789   delay.o
       664         38          0          0         64       6342   exti.o
       326         74       1792          0          0       5538   gpio.o
       218         42         40          0        468      11869   hardwareserial.o
         0          0          0          0          0     271928   i2c_control.o
       616         56          0          3        336       3432   i2c_slave.o
       136         34          0          0          0     224191   main.o
       120         16          0          0          0       1899   misc.o
        88          0          0          0          0      16492   print.o
       464         72          0          0          0       1970   pwm.o
        36         16          4          0         84       2898   spi.o
        64         26        236          0       1536        832   startup_stm32f10x_md.o
       208         22          0          0          0       6799   stm32f10x_adc.o
       156         14          0          0          0       2644   stm32f10x_exti.o
       290         12          0          0          0       3740   stm32f10x_gpio.o
       266         10          0          0          0       5526   stm32f10x_i2c.o
       236         40          0         20          0       6210   stm32f10x_rcc.o
       772         90          0          0          0      10687   stm32f10x_tim.o
       104          0          0          0          0       5149   stm32f10x_usart.o
       348         40          0         20          0       2749   system_stm32f10x.o
       440        100          0          0         32       3984   timer.o
        84         22         20          0         88       5010   wire.o

    ----------------------------------------------------------------------
      6248        778       2124        172       2664     633323   Object Totals
         0          0         32          0          0          0   (incl. Generated)
        12          0          0          3          2          0   (incl. Padding)

    ----------------------------------------------------------------------

      Code (inc. data)   RO Data    RW Data    ZI Data      Debug   Library Member Name

         8          0          0          0          0         68   __main.o
         0          0          0          0          0          0   __rtentry.o
        12          0          0          0          0          0   __rtentry2.o
         6          0          0          0          0          0   __rtentry4.o
        52          8          0          0          0          0   __scatter.o
        26          0          0          0          0          0   __scatter_copy.o
        28          0          0          0          0          0   __scatter_zi.o
        46          0          0          0          0         84   aeabi_atexit.o
        66          0          0          0          0         84   cxa_finalize.o
        10          0          0          0          0         68   defsig_exit.o
        50          0          0          0          0         88   defsig_general.o
        80         58          0          0          0         76   defsig_rtmem_inner.o
        14          0          0          0          0         80   defsig_rtmem_outer.o
        18          0          0          0          0         80   exit.o
        94          0          0          0          0         80   h1_alloc.o
        52          0          0          0          0         68   h1_extend.o
        78          0          0          0          0         80   h1_free.o
        14          0          0          0          0         84   h1_init.o
         6          0          0          0          0        152   heapauxi.o
         4          0          0          0          0        136   hguard.o
         0          0          0          0          0          0   indicate_semi.o
        36         10          0          0          0         80   init_aeabi.o
       138          0          0          0          0        168   init_alloc.o
         2          0          0          0          0          0   libinit.o
        14          0          0          0          0          0   libinit2.o
         2          0          0          0          0          0   libshutdown.o
         8          0          0          0          0          0   libshutdown2.o
         8          4          0          0         96         68   libspace.o
         0          0          0          0          0          0   maybetermalloc1.o
         8          4          0          0          0         68   rt_ddtor_pointer_addr_intlibspace.o
         8          4          0          0          0         68   rt_heap_descriptor_intlibspace.o
         2          0          0          0          0          0   rtexit.o
        10          0          0          0          0          0   rtexit2.o
        12          4          0          0          0         68   sys_exit.o
        74          0          0          0          0         80   sys_stackheap_outer.o
        14          0          0          0          0         76   sys_wrch.o
         2          0          0          0          0         68   use_no_semi.o

    ----------------------------------------------------------------------
      1012         92          0          0        100       1972   Library Totals
        10          0          0          0          4          0   (incl. Padding)

    ----------------------------------------------------------------------

      Code (inc. data)   RO Data    RW Data    ZI Data      Debug   Library Name

      1002         92          0          0         96       1972   c_w.l

    ----------------------------------------------------------------------
      1012         92          0          0        100       1972   Library Totals

    ----------------------------------------------------------------------

==============================================================================


      Code (inc. data)   RO Data    RW Data    ZI Data      Debug   

      7260        870       2124        172       2764     629467   Grand Totals
      7260        870       2124        172       2764     629467   ELF Image Totals
      7260        870       2124        172          0          0   ROM Totals

==============================================================================

    Total RO  Size (Code + RO Data)                 9384 (   9.16kB)
    Total RW  Size (RW Data + ZI Data)              2936 (   2.87kB)
    Total ROM Size (Code + RO Data + RW Data)       9556 (   9.33kB)

==============================================================================

